Archive member included to satisfy reference by file (symbol)

c:/intelfpga_lite/17.1/nios2eds/bin/gnu/h-x86_64-mingw32/bin/../lib/gcc/nios2-elf/5.3.0/../../../../../H-x86_64-mingw32/nios2-elf/lib/mno-hw-mul\libm.a(lib_a-w_sqrt.o)
                              obj/default/physics.o (sqrt)
c:/intelfpga_lite/17.1/nios2eds/bin/gnu/h-x86_64-mingw32/bin/../lib/gcc/nios2-elf/5.3.0/../../../../../H-x86_64-mingw32/nios2-elf/lib/mno-hw-mul\libm.a(lib_a-e_sqrt.o)
                              c:/intelfpga_lite/17.1/nios2eds/bin/gnu/h-x86_64-mingw32/bin/../lib/gcc/nios2-elf/5.3.0/../../../../../H-x86_64-mingw32/nios2-elf/lib/mno-hw-mul\libm.a(lib_a-w_sqrt.o) (__ieee754_sqrt)
c:/intelfpga_lite/17.1/nios2eds/bin/gnu/h-x86_64-mingw32/bin/../lib/gcc/nios2-elf/5.3.0/../../../../../H-x86_64-mingw32/nios2-elf/lib/mno-hw-mul\libm.a(lib_a-s_fpclassify.o)
                              c:/intelfpga_lite/17.1/nios2eds/bin/gnu/h-x86_64-mingw32/bin/../lib/gcc/nios2-elf/5.3.0/../../../../../H-x86_64-mingw32/nios2-elf/lib/mno-hw-mul\libm.a(lib_a-w_sqrt.o) (__fpclassifyd)
c:/intelfpga_lite/17.1/nios2eds/bin/gnu/h-x86_64-mingw32/bin/../lib/gcc/nios2-elf/5.3.0/../../../../../H-x86_64-mingw32/nios2-elf/lib/mno-hw-mul\libm.a(lib_a-s_lib_ver.o)
                              c:/intelfpga_lite/17.1/nios2eds/bin/gnu/h-x86_64-mingw32/bin/../lib/gcc/nios2-elf/5.3.0/../../../../../H-x86_64-mingw32/nios2-elf/lib/mno-hw-mul\libm.a(lib_a-w_sqrt.o) (__fdlib_version)
c:/intelfpga_lite/17.1/nios2eds/bin/gnu/h-x86_64-mingw32/bin/../lib/gcc/nios2-elf/5.3.0/../../../../../H-x86_64-mingw32/nios2-elf/lib/mno-hw-mul\libm.a(lib_a-s_matherr.o)
                              c:/intelfpga_lite/17.1/nios2eds/bin/gnu/h-x86_64-mingw32/bin/../lib/gcc/nios2-elf/5.3.0/../../../../../H-x86_64-mingw32/nios2-elf/lib/mno-hw-mul\libm.a(lib_a-w_sqrt.o) (matherr)
c:/intelfpga_lite/17.1/nios2eds/bin/gnu/h-x86_64-mingw32/bin/../lib/gcc/nios2-elf/5.3.0/mno-hw-mul\libgcc.a(lib2-divmod.o)
                              obj/default/main.o (__modsi3)
c:/intelfpga_lite/17.1/nios2eds/bin/gnu/h-x86_64-mingw32/bin/../lib/gcc/nios2-elf/5.3.0/mno-hw-mul\libgcc.a(addsf3.o)
                              obj/default/main.o (__addsf3)
c:/intelfpga_lite/17.1/nios2eds/bin/gnu/h-x86_64-mingw32/bin/../lib/gcc/nios2-elf/5.3.0/mno-hw-mul\libgcc.a(divsf3.o)
                              obj/default/physics.o (__divsf3)
c:/intelfpga_lite/17.1/nios2eds/bin/gnu/h-x86_64-mingw32/bin/../lib/gcc/nios2-elf/5.3.0/mno-hw-mul\libgcc.a(mulsf3.o)
                              obj/default/main.o (__mulsf3)
c:/intelfpga_lite/17.1/nios2eds/bin/gnu/h-x86_64-mingw32/bin/../lib/gcc/nios2-elf/5.3.0/mno-hw-mul\libgcc.a(subsf3.o)
                              obj/default/physics.o (__subsf3)
c:/intelfpga_lite/17.1/nios2eds/bin/gnu/h-x86_64-mingw32/bin/../lib/gcc/nios2-elf/5.3.0/mno-hw-mul\libgcc.a(fixsfsi.o)
                              obj/default/main.o (__fixsfsi)
c:/intelfpga_lite/17.1/nios2eds/bin/gnu/h-x86_64-mingw32/bin/../lib/gcc/nios2-elf/5.3.0/mno-hw-mul\libgcc.a(adddf3.o)
                              obj/default/main.o (__adddf3)
c:/intelfpga_lite/17.1/nios2eds/bin/gnu/h-x86_64-mingw32/bin/../lib/gcc/nios2-elf/5.3.0/mno-hw-mul\libgcc.a(divdf3.o)
                              obj/default/main.o (__divdf3)
c:/intelfpga_lite/17.1/nios2eds/bin/gnu/h-x86_64-mingw32/bin/../lib/gcc/nios2-elf/5.3.0/mno-hw-mul\libgcc.a(ledf2.o)
                              obj/default/physics.o (__ltdf2)
c:/intelfpga_lite/17.1/nios2eds/bin/gnu/h-x86_64-mingw32/bin/../lib/gcc/nios2-elf/5.3.0/mno-hw-mul\libgcc.a(muldf3.o)
                              obj/default/physics.o (__muldf3)
c:/intelfpga_lite/17.1/nios2eds/bin/gnu/h-x86_64-mingw32/bin/../lib/gcc/nios2-elf/5.3.0/mno-hw-mul\libgcc.a(subdf3.o)
                              obj/default/main.o (__subdf3)
c:/intelfpga_lite/17.1/nios2eds/bin/gnu/h-x86_64-mingw32/bin/../lib/gcc/nios2-elf/5.3.0/mno-hw-mul\libgcc.a(floatsidf.o)
                              obj/default/main.o (__floatsidf)
c:/intelfpga_lite/17.1/nios2eds/bin/gnu/h-x86_64-mingw32/bin/../lib/gcc/nios2-elf/5.3.0/mno-hw-mul\libgcc.a(floatunsidf.o)
                              obj/default/main.o (__floatunsidf)
c:/intelfpga_lite/17.1/nios2eds/bin/gnu/h-x86_64-mingw32/bin/../lib/gcc/nios2-elf/5.3.0/mno-hw-mul\libgcc.a(extendsfdf2.o)
                              obj/default/main.o (__extendsfdf2)
c:/intelfpga_lite/17.1/nios2eds/bin/gnu/h-x86_64-mingw32/bin/../lib/gcc/nios2-elf/5.3.0/mno-hw-mul\libgcc.a(truncdfsf2.o)
                              obj/default/main.o (__truncdfsf2)
c:/intelfpga_lite/17.1/nios2eds/bin/gnu/h-x86_64-mingw32/bin/../lib/gcc/nios2-elf/5.3.0/mno-hw-mul\libgcc.a(_clzsi2.o)
                              c:/intelfpga_lite/17.1/nios2eds/bin/gnu/h-x86_64-mingw32/bin/../lib/gcc/nios2-elf/5.3.0/mno-hw-mul\libgcc.a(addsf3.o) (__clzsi2)
c:/intelfpga_lite/17.1/nios2eds/bin/gnu/h-x86_64-mingw32/bin/../lib/gcc/nios2-elf/5.3.0/mno-hw-mul\libgcc.a(lib2-mul.o)
[...]
Memory Configuration

Name             Origin             Length             Attributes
onchip_memory2_0 0x0000000000000000 0x0000000000000010
reset            0x0000000008000000 0x0000000000000020
sdram            0x0000000008000020 0x0000000003ffffe0
*default*        0x0000000000000000 0xffffffffffffffff

Linker script and memory map

LOAD ../GravSim_bsp//obj/HAL/src/crt0.o
LOAD obj/default/main.o
LOAD obj/default/physics.o
LOAD c:/intelfpga_lite/17.1/nios2eds/bin/gnu/h-x86_64-mingw32/bin/../lib/gcc/nios2-elf/5.3.0/../../../../../H-x86_64-mingw32/nios2-elf/lib/mno-hw-mul\libstdc++.a
LOAD c:/intelfpga_lite/17.1/nios2eds/bin/gnu/h-x86_64-mingw32/bin/../lib/gcc/nios2-elf/5.3.0/../../../../../H-x86_64-mingw32/nios2-elf/lib/mno-hw-mul\libm.a
LOAD c:/intelfpga_lite/17.1/nios2eds/bin/gnu/h-x86_64-mingw32/bin/../lib/gcc/nios2-elf/5.3.0/mno-hw-mul\libgcc.a
START GROUP
LOAD c:/intelfpga_lite/17.1/nios2eds/bin/gnu/h-x86_64-mingw32/bin/../lib/gcc/nios2-elf/5.3.0/../../../../../H-x86_64-mingw32/nios2-elf/lib/mno-hw-mul\libc.a
LOAD c:/intelfpga_lite/17.1/nios2eds/bin/gnu/h-x86_64-mingw32/bin/../lib/gcc/nios2-elf/5.3.0/mno-hw-mul\libgcc.a
LOAD ../GravSim_bsp/\libhal_bsp.a
LOAD c:/intelfpga_lite/17.1/nios2eds/bin/gnu/h-x86_64-mingw32/bin/../lib/gcc/nios2-elf/5.3.0/../../../../../H-x86_64-mingw32/nios2-elf/lib/mno-hw-mul\libm.a
END GROUP
LOAD c:/intelfpga_lite/17.1/nios2eds/bin/gnu/h-x86_64-mingw32/bin/../lib/gcc/nios2-elf/5.3.0/mno-hw-mul\libgcc.a
                0x0000000000000000                __alt_mem_onchip_memory2_0 = 0x0
                0x0000000008000000                __alt_mem_sdram = 0x8000000

.entry          0x0000000008000000       0x20
 *(.entry)
 .entry         0x0000000008000000       0x20 ../GravSim_bsp//obj/HAL/src/crt0.o
                0x0000000008000000                __reset

.exceptions     0x0000000008000020      0x1a0
                0x0000000008000020                PROVIDE (__ram_exceptions_start, ABSOLUTE (.))
                0x0000000008000020                . = ALIGN (0x20)
 *(.irq)
 *(.exceptions.entry.label)
 .exceptions.entry.label
                0x0000000008000020        0x0 ../GravSim_bsp/\libhal_bsp.a(alt_irq_entry.o)
                0x0000000008000020                alt_irq_entry
 .exceptions.entry.label
                0x0000000008000020        0x0 ../GravSim_bsp/\libhal_bsp.a(alt_exception_entry.o)
                0x0000000008000020                alt_exception
 *(.exceptions.entry.user)
 *(.exceptions.entry.ecc_fatal)
 *(.exceptions.entry)
 .exceptions.entry
                0x0000000008000020       0x54 ../GravSim_bsp/\libhal_bsp.a(alt_exception_entry.o)
 *(.exceptions.irqtest.user)
 *(.exceptions.irqtest)
 .exceptions.irqtest
                0x0000000008000074       0x10 ../GravSim_bsp/\libhal_bsp.a(alt_irq_entry.o)
 *(.exceptions.irqhandler.user)
 *(.exceptions.irqhandler)
 .exceptions.irqhandler
                0x0000000008000084        0x4 ../GravSim_bsp/\libhal_bsp.a(alt_irq_entry.o)
 *(.exceptions.irqreturn.user)
 *(.exceptions.irqreturn)
 .exceptions.irqreturn
                0x0000000008000088        0x4 ../GravSim_bsp/\libhal_bsp.a(alt_irq_entry.o)
 *(.exceptions.notirq.label)
 .exceptions.notirq.label
                0x000000000800008c        0x0 ../GravSim_bsp/\libhal_bsp.a(alt_irq_entry.o)
 *(.exceptions.notirq.user)
 *(.exceptions.notirq)
 .exceptions.notirq
                0x000000000800008c        0x8 ../GravSim_bsp/\libhal_bsp.a(alt_exception_entry.o)
 *(.exceptions.soft.user)
 *(.exceptions.soft)
 *(.exceptions.unknown.user)
 *(.exceptions.unknown)
 .exceptions.unknown
                0x0000000008000094        0x4 ../GravSim_bsp/\libhal_bsp.a(alt_exception_entry.o)
 *(.exceptions.exit.label)
 .exceptions.exit.label
                0x0000000008000098        0x0 ../GravSim_bsp/\libhal_bsp.a(alt_irq_entry.o)
 .exceptions.exit.label
                0x0000000008000098        0x0 ../GravSim_bsp/\libhal_bsp.a(alt_exception_entry.o)
 *(.exceptions.exit.user)
 *(.exceptions.exit)
 .exceptions.exit
                0x0000000008000098       0x54 ../GravSim_bsp/\libhal_bsp.a(alt_exception_entry.o)
 *(.exceptions)
 .exceptions    0x00000000080000ec       0xd4 ../GravSim_bsp/\libhal_bsp.a(alt_irq_handler.o)
                0x00000000080000ec                alt_irq_handler
                0x00000000080001c0                PROVIDE (__ram_exceptions_end, ABSOLUTE (.))
                0x0000000008000020                PROVIDE (__flash_exceptions_start, LOADADDR (.exceptions))

.text           0x00000000080001c0    0x143a0
                [!provide]                        PROVIDE (stext, ABSOLUTE (.))
 *(.interp)
 *(.hash)
 *(.dynsym)
 *(.dynstr)
 *(.gnu.version)
 *(.gnu.version_d)
 *(.gnu.version_r)
 *(.rel.init)
 *(.rela.init)
 *(.rel.text .rel.text.* .rel.gnu.linkonce.t.*)
 *(.rela.text .rela.text.* .rela.gnu.linkonce.t.*)
 *(.rel.fini)
 *(.rela.fini)
 *(.rel.rodata .rel.rodata.* .rel.gnu.linkonce.r.*)
 *(.rela.rodata .rela.rodata.* .rela.gnu.linkonce.r.*)
 *(.rel.data .rel.data.* .rel.gnu.linkonce.d.*)
 *(.rela.data .rela.data.* .rela.gnu.linkonce.d.*)
 *(.rel.tdata .rel.tdata.* .rel.gnu.linkonce.td.*)
 *(.rela.tdata .rela.tdata.* .rela.gnu.linkonce.td.*)
 *(.rel.tbss .rel.tbss.* .rel.gnu.linkonce.tb.*)
 *(.rela.tbss .rela.tbss.* .rela.gnu.linkonce.tb.*)
 *(.rel.ctors)
 *(.rela.ctors)
 *(.rel.dtors)
 *(.rela.dtors)
 *(.rel.got)
 *(.rela.got)
 *(.rel.sdata .rel.sdata.* .rel.gnu.linkonce.s.*)
 *(.rela.sdata .rela.sdata.* .rela.gnu.linkonce.s.*)
 *(.rel.sbss .rel.sbss.* .rel.gnu.linkonce.sb.*)
 *(.rela.sbss .rela.sbss.* .rela.gnu.linkonce.sb.*)
 *(.rel.sdata2 .rel.sdata2.* .rel.gnu.linkonce.s2.*)
 *(.rela.sdata2 .rela.sdata2.* .rela.gnu.linkonce.s2.*)
 *(.rel.sbss2 .rel.sbss2.* .rel.gnu.linkonce.sb2.*)
 *(.rela.sbss2 .rela.sbss2.* .rela.gnu.linkonce.sb2.*)
 *(.rel.bss .rel.bss.* .rel.gnu.linkonce.b.*)
 *(.rela.bss .rela.bss.* .rela.gnu.linkonce.b.*)
 *(.rel.plt)
 *(.rela.plt)
 *(.rel.dyn)
 *(.init)
 *(.plt)
 *(.text .stub .text.* .gnu.linkonce.t.*)
 .text          0x00000000080001c0       0x3c ../GravSim_bsp//obj/HAL/src/crt0.o
                0x00000000080001c0                _start
 .text          0x00000000080001fc     0x2090 obj/default/main.o
                0x00000000080001fc                main
                0x00000000080002e0                unit_test
                0x0000000008000f34                software_simulation
                0x0000000008001d58                hardware_simulation
 .text          0x000000000800228c      0xe24 obj/default/physics.o
                0x000000000800228c                timestep
                0x0000000008002458                apply_force_to_planet
                0x00000000080025a0                clear_acceleration
                0x00000000080025dc                get_force_between_planets
                0x00000000080029d4                get_force_between_planets_fast
                0x0000000008002da0                negative_force
                0x0000000008002e20                fast_invsqrt
                0x0000000008002ef0                fast_invsqrt_2
                0x0000000008003020                append_planet_node
 .text          0x00000000080030b0        0x0 c:/intelfpga_lite/17.1/nios2eds/bin/gnu/h-x86_64-mingw32/bin/../lib/gcc/nios2-elf/5.3.0/../../../../../H-x86_64-mingw32/nios2-elf/lib/mno-hw-mul\libm.a(lib_a-w_sqrt.o)
 .text.sqrt     0x00000000080030b0      0x130 c:/intelfpga_lite/17.1/nios2eds/bin/gnu/h-x86_64-mingw32/bin/../lib/gcc/nios2-elf/5.3.0/../../../../../H-x86_64-mingw32/nios2-elf/lib/mno-hw-mul\libm.a(lib_a-w_sqrt.o)
                0x00000000080030b0                sqrt
 .text          0x00000000080031e0        0x0 c:/intelfpga_lite/17.1/nios2eds/bin/gnu/h-x86_64-mingw32/bin/../lib/gcc/nios2-elf/5.3.0/../../../../../H-x86_64-mingw32/nios2-elf/lib/mno-hw-mul\libm.a(lib_a-e_sqrt.o)
 .text.__ieee754_sqrt
                0x00000000080031e0      0x288 c:/intelfpga_lite/17.1/nios2eds/bin/gnu/h-x86_64-mingw32/bin/../lib/gcc/nios2-elf/5.3.0/../../../../../H-x86_64-mingw32/nios2-elf/lib/mno-hw-mul\libm.a(lib_a-e_sqrt.o)
                0x00000000080031e0                __ieee754_sqrt
 .text          0x0000000008003468        0x0 c:/intelfpga_lite/17.1/nios2eds/bin/gnu/h-x86_64-mingw32/bin/../lib/gcc/nios2-elf/5.3.0/../../../../../H-x86_64-mingw32/nios2-elf/lib/mno-hw-mul\libm.a(lib_a-s_fpclassify.o)
 .text.__fpclassifyd
                0x0000000008003468       0x74 c:/intelfpga_lite/17.1/nios2eds/bin/gnu/h-x86_64-mingw32/bin/../lib/gcc/nios2-elf/5.3.0/../../../../../H-x86_64-mingw32/nios2-elf/lib/mno-hw-mul\libm.a(lib_a-s_fpclassify.o)
                0x0000000008003468                __fpclassifyd
 .text          0x00000000080034dc        0x0 c:/intelfpga_lite/17.1/nios2eds/bin/gnu/h-x86_64-mingw32/bin/../lib/gcc/nios2-elf/5.3.0/../../../../../H-x86_64-mingw32/nios2-elf/lib/mno-hw-mul\libm.a(lib_a-s_lib_ver.o)
 .text          0x00000000080034dc        0x0 c:/intelfpga_lite/17.1/nios2eds/bin/gnu/h-x86_64-mingw32/bin/../lib/gcc/nios2-elf/5.3.0/../../../../../H-x86_64-mingw32/nios2-elf/lib/mno-hw-mul\libm.a(lib_a-s_matherr.o)
 .text.matherr  0x00000000080034dc        0x8 c:/intelfpga_lite/17.1/nios2eds/bin/gnu/h-x86_64-mingw32/bin/../lib/gcc/nios2-elf/5.3.0/../../../../../H-x86_64-mingw32/nios2-elf/lib/mno-hw-mul\libm.a(lib_a-s_matherr.o)
                0x00000000080034dc                matherr
 .text          0x00000000080034e4      0x1b4 c:/intelfpga_lite/17.1/nios2eds/bin/gnu/h-x86_64-mingw32/bin/../lib/gcc/nios2-elf/5.3.0/mno-hw-mul\libgcc.a(lib2-divmod.o)
                0x00000000080034e4                __divsi3
                0x0000000008003568                __modsi3
                0x00000000080035dc                __udivsi3
                0x0000000008003640                __umodsi3
 .text          0x0000000008003698      0x4c8 c:/intelfpga_lite/17.1/nios2eds/bin/gnu/h-x86_64-mingw32/bin/../lib/gcc/nios2-elf/5.3.0/mno-hw-mul\libgcc.a(addsf3.o)
                0x0000000008003698                __addsf3
 .text          0x0000000008003b60      0x440 c:/intelfpga_lite/17.1/nios2eds/bin/gnu/h-x86_64-mingw32/bin/../lib/gcc/nios2-elf/5.3.0/mno-hw-mul\libgcc.a(divsf3.o)
                0x0000000008003b60                __divsf3
 .text          0x0000000008003fa0      0x430 c:/intelfpga_lite/17.1/nios2eds/bin/gnu/h-x86_64-mingw32/bin/../lib/gcc/nios2-elf/5.3.0/mno-hw-mul\libgcc.a(mulsf3.o)
                0x0000000008003fa0                __mulsf3
 .text          0x00000000080043d0      0x4e4 c:/intelfpga_lite/17.1/nios2eds/bin/gnu/h-x86_64-mingw32/bin/../lib/gcc/nios2-elf/5.3.0/mno-hw-mul\libgcc.a(subsf3.o)
                0x00000000080043d0                __subsf3
 .text          0x00000000080048b4       0x70 c:/intelfpga_lite/17.1/nios2eds/bin/gnu/h-x86_64-mingw32/bin/../lib/gcc/nios2-elf/5.3.0/mno-hw-mul\libgcc.a(fixsfsi.o)
                0x00000000080048b4                __fixsfsi
 .text          0x0000000008004924      0x8ac c:/intelfpga_lite/17.1/nios2eds/bin/gnu/h-x86_64-mingw32/bin/../lib/gcc/nios2-elf/5.3.0/mno-hw-mul\libgcc.a(adddf3.o)
                0x0000000008004924                __adddf3
 .text          0x00000000080051d0      0x9d0 c:/intelfpga_lite/17.1/nios2eds/bin/gnu/h-x86_64-mingw32/bin/../lib/gcc/nios2-elf/5.3.0/mno-hw-mul\libgcc.a(divdf3.o)
                0x00000000080051d0                __divdf3
 .text          0x0000000008005ba0       0xf4 c:/intelfpga_lite/17.1/nios2eds/bin/gnu/h-x86_64-mingw32/bin/../lib/gcc/nios2-elf/5.3.0/mno-hw-mul\libgcc.a(ledf2.o)
                0x0000000008005ba0                __ledf2
                0x0000000008005ba0                __ltdf2
 .text          0x0000000008005c94      0x86c c:/intelfpga_lite/17.1/nios2eds/bin/gnu/h-x86_64-mingw32/bin/../lib/gcc/nios2-elf/5.3.0/mno-hw-mul\libgcc.a(muldf3.o)
                0x0000000008005c94                __muldf3
 .text          0x0000000008006500      0x8fc c:/intelfpga_lite/17.1/nios2eds/bin/gnu/h-x86_64-mingw32/bin/../lib/gcc/nios2-elf/5.3.0/mno-hw-mul\libgcc.a(subdf3.o)
                0x0000000008006500                __subdf3
 .text          0x0000000008006dfc       0xdc c:/intelfpga_lite/17.1/nios2eds/bin/gnu/h-x86_64-mingw32/bin/../lib/gcc/nios2-elf/5.3.0/mno-hw-mul\libgcc.a(floatsidf.o)
                0x0000000008006dfc                __floatsidf
 .text          0x0000000008006ed8       0xa8 c:/intelfpga_lite/17.1/nios2eds/bin/gnu/h-x86_64-mingw32/bin/../lib/gcc/nios2-elf/5.3.0/mno-hw-mul\libgcc.a(floatunsidf.o)
                0x0000000008006ed8                __floatunsidf
 .text          0x0000000008006f80      0x110 c:/intelfpga_lite/17.1/nios2eds/bin/gnu/h-x86_64-mingw32/bin/../lib/gcc/nios2-elf/5.3.0/mno-hw-mul\libgcc.a(extendsfdf2.o)
                0x0000000008006f80                __extendsfdf2
 .text          0x0000000008007090      0x1a8 c:/intelfpga_lite/17.1/nios2eds/bin/gnu/h-x86_64-mingw32/bin/../lib/gcc/nios2-elf/5.3.0/mno-hw-mul\libgcc.a(truncdfsf2.o)
                0x0000000008007090                __truncdfsf2
 .text          0x0000000008007238       0x64 c:/intelfpga_lite/17.1/nios2eds/bin/gnu/h-x86_64-mingw32/bin/../lib/gcc/nios2-elf/5.3.0/mno-hw-mul\libgcc.a(_clzsi2.o)
                0x0000000008007238                __clzsi2
 .text          0x000000000800729c       0x28 c:/intelfpga_lite/17.1/nios2eds/bin/gnu/h-x86_64-mingw32/bin/../lib/gcc/nios2-elf/5.3.0/mno-hw-mul\libgcc.a(lib2-mul.o)
                0x000000000800729c                __mulsi3
 .text          0x00000000080072c4        0x0 c:/intelfpga_lite/17.1/nios2eds/bin/gnu/h-x86_64-mingw32/bin/../lib/gcc/nios2-elf/5.3.0/mno-hw-mul\libgcc.a(_clz.o)
 .text          0x00000000080072c4        0x0 c:/intelfpga_lite/17.1/nios2eds/bin/gnu/h-x86_64-mingw32/bin/../lib/gcc/nios2-elf/5.3.0/../../../../../H-x86_64-mingw32/nios2-elf/lib/mno-hw-mul\libc.a(lib_a-clock.o)
 .text.clock    0x00000000080072c4       0x4c c:/intelfpga_lite/17.1/nios2eds/bin/gnu/h-x86_64-mingw32/bin/../lib/gcc/nios2-elf/5.3.0/../../../../../H-x86_64-mingw32/nios2-elf/lib/mno-hw-mul\libc.a(lib_a-clock.o)
                0x00000000080072c4                clock
 .text          0x0000000008007310        0x0 c:/intelfpga_lite/17.1/nios2eds/bin/gnu/h-x86_64-mingw32/bin/../lib/gcc/nios2-elf/5.3.0/../../../../../H-x86_64-mingw32/nios2-elf/lib/mno-hw-mul\libc.a(lib_a-errno.o)
 .text.__errno  0x0000000008007310       0x10 c:/intelfpga_lite/17.1/nios2eds/bin/gnu/h-x86_64-mingw32/bin/../lib/gcc/nios2-elf/5.3.0/../../../../../H-x86_64-mingw32/nios2-elf/lib/mno-hw-mul\libc.a(lib_a-errno.o)
                0x0000000008007310                __errno
 .text          0x0000000008007320        0x0 c:/intelfpga_lite/17.1/nios2eds/bin/gnu/h-x86_64-mingw32/bin/../lib/gcc/nios2-elf/5.3.0/../../../../../H-x86_64-mingw32/nios2-elf/lib/mno-hw-mul\libc.a(lib_a-impure.o)
 .text          0x0000000008007320        0x0 c:/intelfpga_lite/17.1/nios2eds/bin/gnu/h-x86_64-mingw32/bin/../lib/gcc/nios2-elf/5.3.0/../../../../../H-x86_64-mingw32/nios2-elf/lib/mno-hw-mul\libc.a(lib_a-malloc.o)
 .text.malloc   0x0000000008007320       0x14 c:/intelfpga_lite/17.1/nios2eds/bin/gnu/h-x86_64-mingw32/bin/../lib/gcc/nios2-elf/5.3.0/../../../../../H-x86_64-mingw32/nios2-elf/lib/mno-hw-mul\libc.a(lib_a-malloc.o)
                0x0000000008007320                malloc
 .text.free     0x0000000008007334       0x14 c:/intelfpga_lite/17.1/nios2eds/bin/gnu/h-x86_64-mingw32/bin/../lib/gcc/nios2-elf/5.3.0/../../../../../H-x86_64-mingw32/nios2-elf/lib/mno-hw-mul\libc.a(lib_a-malloc.o)
                0x0000000008007334                free
 .text          0x0000000008007348        0x0 c:/intelfpga_lite/17.1/nios2eds/bin/gnu/h-x86_64-mingw32/bin/../lib/gcc/nios2-elf/5.3.0/../../../../../H-x86_64-mingw32/nios2-elf/lib/mno-hw-mul\libc.a(lib_a-mallocr.o)
 .text._malloc_r
                0x0000000008007348      0x80c c:/intelfpga_lite/17.1/nios2eds/bin/gnu/h-x86_64-mingw32/bin/../lib/gcc/nios2-elf/5.3.0/../../../../../H-x86_64-mingw32/nios2-elf/lib/mno-hw-mul\libc.a(lib_a-mallocr.o)
                0x0000000008007348                _malloc_r
 .text          0x0000000008007b54        0x0 c:/intelfpga_lite/17.1/nios2eds/bin/gnu/h-x86_64-mingw32/bin/../lib/gcc/nios2-elf/5.3.0/../../../../../H-x86_64-mingw32/nios2-elf/lib/mno-hw-mul\libc.a(lib_a-printf.o)
 .text._printf_r
                0x0000000008007b54       0x30 c:/intelfpga_lite/17.1/nios2eds/bin/gnu/h-x86_64-mingw32/bin/../lib/gcc/nios2-elf/5.3.0/../../../../../H-x86_64-mingw32/nios2-elf/lib/mno-hw-mul\libc.a(lib_a-printf.o)
                0x0000000008007b54                _printf_r
 .text.printf   0x0000000008007b84       0x3c c:/intelfpga_lite/17.1/nios2eds/bin/gnu/h-x86_64-mingw32/bin/../lib/gcc/nios2-elf/5.3.0/../../../../../H-x86_64-mingw32/nios2-elf/lib/mno-hw-mul\libc.a(lib_a-printf.o)
                0x0000000008007b84                printf
 .text          0x0000000008007bc0        0x0 c:/intelfpga_lite/17.1/nios2eds/bin/gnu/h-x86_64-mingw32/bin/../lib/gcc/nios2-elf/5.3.0/../../../../../H-x86_64-mingw32/nios2-elf/lib/mno-hw-mul\libc.a(lib_a-puts.o)
 .text._puts_r  0x0000000008007bc0       0xc0 c:/intelfpga_lite/17.1/nios2eds/bin/gnu/h-x86_64-mingw32/bin/../lib/gcc/nios2-elf/5.3.0/../../../../../H-x86_64-mingw32/nios2-elf/lib/mno-hw-mul\libc.a(lib_a-puts.o)
                0x0000000008007bc0                _puts_r
 .text.puts     0x0000000008007c80       0x14 c:/intelfpga_lite/17.1/nios2eds/bin/gnu/h-x86_64-mingw32/bin/../lib/gcc/nios2-elf/5.3.0/../../../../../H-x86_64-mingw32/nios2-elf/lib/mno-hw-mul\libc.a(lib_a-puts.o)
                0x0000000008007c80                puts
 .text          0x0000000008007c94        0x0 c:/intelfpga_lite/17.1/nios2eds/bin/gnu/h-x86_64-mingw32/bin/../lib/gcc/nios2-elf/5.3.0/../../../../../H-x86_64-mingw32/nios2-elf/lib/mno-hw-mul\libc.a(lib_a-rand.o)
 .text.srand    0x0000000008007c94       0x18 c:/intelfpga_lite/17.1/nios2eds/bin/gnu/h-x86_64-mingw32/bin/../lib/gcc/nios2-elf/5.3.0/../../../../../H-x86_64-mingw32/nios2-elf/lib/mno-hw-mul\libc.a(lib_a-rand.o)
                0x0000000008007c94                srand
 .text.rand     0x0000000008007cac       0x64 c:/intelfpga_lite/17.1/nios2eds/bin/gnu/h-x86_64-mingw32/bin/../lib/gcc/nios2-elf/5.3.0/../../../../../H-x86_64-mingw32/nios2-elf/lib/mno-hw-mul\libc.a(lib_a-rand.o)
                0x0000000008007cac                rand
 .text          0x0000000008007d10        0x0 c:/intelfpga_lite/17.1/nios2eds/bin/gnu/h-x86_64-mingw32/bin/../lib/gcc/nios2-elf/5.3.0/../../../../../H-x86_64-mingw32/nios2-elf/lib/mno-hw-mul\libc.a(lib_a-sbrkr.o)
 .text._sbrk_r  0x0000000008007d10       0x54 c:/intelfpga_lite/17.1/nios2eds/bin/gnu/h-x86_64-mingw32/bin/../lib/gcc/nios2-elf/5.3.0/../../../../../H-x86_64-mingw32/nios2-elf/lib/mno-hw-mul\libc.a(lib_a-sbrkr.o)
                0x0000000008007d10                _sbrk_r
 .text          0x0000000008007d64        0x0 c:/intelfpga_lite/17.1/nios2eds/bin/gnu/h-x86_64-mingw32/bin/../lib/gcc/nios2-elf/5.3.0/../../../../../H-x86_64-mingw32/nios2-elf/lib/mno-hw-mul\libc.a(lib_a-strlen.o)
 .text.strlen   0x0000000008007d64       0x98 c:/intelfpga_lite/17.1/nios2eds/bin/gnu/h-x86_64-mingw32/bin/../lib/gcc/nios2-elf/5.3.0/../../../../../H-x86_64-mingw32/nios2-elf/lib/mno-hw-mul\libc.a(lib_a-strlen.o)
                0x0000000008007d64                strlen
 .text          0x0000000008007dfc        0x0 c:/intelfpga_lite/17.1/nios2eds/bin/gnu/h-x86_64-mingw32/bin/../lib/gcc/nios2-elf/5.3.0/../../../../../H-x86_64-mingw32/nios2-elf/lib/mno-hw-mul\libc.a(lib_a-time.o)
 .text.time     0x0000000008007dfc       0x50 c:/intelfpga_lite/17.1/nios2eds/bin/gnu/h-x86_64-mingw32/bin/../lib/gcc/nios2-elf/5.3.0/../../../../../H-x86_64-mingw32/nios2-elf/lib/mno-hw-mul\libc.a(lib_a-time.o)
                0x0000000008007dfc                time
 .text          0x0000000008007e4c        0x0 c:/intelfpga_lite/17.1/nios2eds/bin/gnu/h-x86_64-mingw32/bin/../lib/gcc/nios2-elf/5.3.0/../../../../../H-x86_64-mingw32/nios2-elf/lib/mno-hw-mul\libc.a(lib_a-timesr.o)
 .text._times_r
                0x0000000008007e4c        0x8 c:/intelfpga_lite/17.1/nios2eds/bin/gnu/h-x86_64-mingw32/bin/../lib/gcc/nios2-elf/5.3.0/../../../../../H-x86_64-mingw32/nios2-elf/lib/mno-hw-mul\libc.a(lib_a-timesr.o)
                0x0000000008007e4c                _times_r
 .text          0x0000000008007e54        0x0 c:/intelfpga_lite/17.1/nios2eds/bin/gnu/h-x86_64-mingw32/bin/../lib/gcc/nios2-elf/5.3.0/../../../../../H-x86_64-mingw32/nios2-elf/lib/mno-hw-mul\libc.a(lib_a-vfprintf.o)
 .text.___vfprintf_internal_r
                0x0000000008007e54     0x22dc c:/intelfpga_lite/17.1/nios2eds/bin/gnu/h-x86_64-mingw32/bin/../lib/gcc/nios2-elf/5.3.0/../../../../../H-x86_64-mingw32/nios2-elf/lib/mno-hw-mul\libc.a(lib_a-vfprintf.o)
                0x0000000008007e54                ___vfprintf_internal_r
 .text.__vfprintf_internal
                0x000000000800a130       0x1c c:/intelfpga_lite/17.1/nios2eds/bin/gnu/h-x86_64-mingw32/bin/../lib/gcc/nios2-elf/5.3.0/../../../../../H-x86_64-mingw32/nios2-elf/lib/mno-hw-mul\libc.a(lib_a-vfprintf.o)
                0x000000000800a130                __vfprintf_internal
 .text.__sbprintf
                0x000000000800a14c       0xbc c:/intelfpga_lite/17.1/nios2eds/bin/gnu/h-x86_64-mingw32/bin/../lib/gcc/nios2-elf/5.3.0/../../../../../H-x86_64-mingw32/nios2-elf/lib/mno-hw-mul\libc.a(lib_a-vfprintf.o)
 .text          0x000000000800a208        0x0 c:/intelfpga_lite/17.1/nios2eds/bin/gnu/h-x86_64-mingw32/bin/../lib/gcc/nios2-elf/5.3.0/../../../../../H-x86_64-mingw32/nios2-elf/lib/mno-hw-mul\libc.a(lib_a-wsetup.o)
 .text.__swsetup_r
                0x000000000800a208      0x154 c:/intelfpga_lite/17.1/nios2eds/bin/gnu/h-x86_64-mingw32/bin/../lib/gcc/nios2-elf/5.3.0/../../../../../H-x86_64-mingw32/nios2-elf/lib/mno-hw-mul\libc.a(lib_a-wsetup.o)
                0x000000000800a208                __swsetup_r
 .text          0x000000000800a35c        0x0 c:/intelfpga_lite/17.1/nios2eds/bin/gnu/h-x86_64-mingw32/bin/../lib/gcc/nios2-elf/5.3.0/../../../../../H-x86_64-mingw32/nios2-elf/lib/mno-hw-mul\libc.a(lib_a-dtoa.o)
 .text.quorem   0x000000000800a35c      0x228 c:/intelfpga_lite/17.1/nios2eds/bin/gnu/h-x86_64-mingw32/bin/../lib/gcc/nios2-elf/5.3.0/../../../../../H-x86_64-mingw32/nios2-elf/lib/mno-hw-mul\libc.a(lib_a-dtoa.o)
 .text._dtoa_r  0x000000000800a584     0x1688 c:/intelfpga_lite/17.1/nios2eds/bin/gnu/h-x86_64-mingw32/bin/../lib/gcc/nios2-elf/5.3.0/../../../../../H-x86_64-mingw32/nios2-elf/lib/mno-hw-mul\libc.a(lib_a-dtoa.o)
                0x000000000800a584                _dtoa_r
 .text          0x000000000800bc0c        0x0 c:/intelfpga_lite/17.1/nios2eds/bin/gnu/h-x86_64-mingw32/bin/../lib/gcc/nios2-elf/5.3.0/../../../../../H-x86_64-mingw32/nios2-elf/lib/mno-hw-mul\libc.a(lib_a-fflush.o)
 .text.__sflush_r
                0x000000000800bc0c      0x21c c:/intelfpga_lite/17.1/nios2eds/bin/gnu/h-x86_64-mingw32/bin/../lib/gcc/nios2-elf/5.3.0/../../../../../H-x86_64-mingw32/nios2-elf/lib/mno-hw-mul\libc.a(lib_a-fflush.o)
                0x000000000800bc0c                __sflush_r
 .text._fflush_r
                0x000000000800be28       0x5c c:/intelfpga_lite/17.1/nios2eds/bin/gnu/h-x86_64-mingw32/bin/../lib/gcc/nios2-elf/5.3.0/../../../../../H-x86_64-mingw32/nios2-elf/lib/mno-hw-mul\libc.a(lib_a-fflush.o)
                0x000000000800be28                _fflush_r
 .text.fflush   0x000000000800be84       0x30 c:/intelfpga_lite/17.1/nios2eds/bin/gnu/h-x86_64-mingw32/bin/../lib/gcc/nios2-elf/5.3.0/../../../../../H-x86_64-mingw32/nios2-elf/lib/mno-hw-mul\libc.a(lib_a-fflush.o)
                0x000000000800be84                fflush
 .text          0x000000000800beb4        0x0 c:/intelfpga_lite/17.1/nios2eds/bin/gnu/h-x86_64-mingw32/bin/../lib/gcc/nios2-elf/5.3.0/../../../../../H-x86_64-mingw32/nios2-elf/lib/mno-hw-mul\libc.a(lib_a-findfp.o)
 .text.__fp_unlock
                0x000000000800beb4        0x8 c:/intelfpga_lite/17.1/nios2eds/bin/gnu/h-x86_64-mingw32/bin/../lib/gcc/nios2-elf/5.3.0/../../../../../H-x86_64-mingw32/nios2-elf/lib/mno-hw-mul\libc.a(lib_a-findfp.o)
 .text._cleanup_r
                0x000000000800bebc        0xc c:/intelfpga_lite/17.1/nios2eds/bin/gnu/h-x86_64-mingw32/bin/../lib/gcc/nios2-elf/5.3.0/../../../../../H-x86_64-mingw32/nios2-elf/lib/mno-hw-mul\libc.a(lib_a-findfp.o)
                0x000000000800bebc                _cleanup_r
 .text.__sinit.part.1
                0x000000000800bec8      0x19c c:/intelfpga_lite/17.1/nios2eds/bin/gnu/h-x86_64-mingw32/bin/../lib/gcc/nios2-elf/5.3.0/../../../../../H-x86_64-mingw32/nios2-elf/lib/mno-hw-mul\libc.a(lib_a-findfp.o)
 .text.__fp_lock
                0x000000000800c064        0x8 c:/intelfpga_lite/17.1/nios2eds/bin/gnu/h-x86_64-mingw32/bin/../lib/gcc/nios2-elf/5.3.0/../../../../../H-x86_64-mingw32/nios2-elf/lib/mno-hw-mul\libc.a(lib_a-findfp.o)
 .text.__sfmoreglue
                0x000000000800c06c       0x78 c:/intelfpga_lite/17.1/nios2eds/bin/gnu/h-x86_64-mingw32/bin/../lib/gcc/nios2-elf/5.3.0/../../../../../H-x86_64-mingw32/nios2-elf/lib/mno-hw-mul\libc.a(lib_a-findfp.o)
                0x000000000800c06c                __sfmoreglue
 .text.__sfp    0x000000000800c0e4      0x118 c:/intelfpga_lite/17.1/nios2eds/bin/gnu/h-x86_64-mingw32/bin/../lib/gcc/nios2-elf/5.3.0/../../../../../H-x86_64-mingw32/nios2-elf/lib/mno-hw-mul\libc.a(lib_a-findfp.o)
                0x000000000800c0e4                __sfp
 .text._cleanup
                0x000000000800c1fc       0x18 c:/intelfpga_lite/17.1/nios2eds/bin/gnu/h-x86_64-mingw32/bin/../lib/gcc/nios2-elf/5.3.0/../../../../../H-x86_64-mingw32/nios2-elf/lib/mno-hw-mul\libc.a(lib_a-findfp.o)
                0x000000000800c1fc                _cleanup
 .text.__sinit  0x000000000800c214       0x10 c:/intelfpga_lite/17.1/nios2eds/bin/gnu/h-x86_64-mingw32/bin/../lib/gcc/nios2-elf/5.3.0/../../../../../H-x86_64-mingw32/nios2-elf/lib/mno-hw-mul\libc.a(lib_a-findfp.o)
                0x000000000800c214                __sinit
 .text.__sfp_lock_acquire
                0x000000000800c224        0x4 c:/intelfpga_lite/17.1/nios2eds/bin/gnu/h-x86_64-mingw32/bin/../lib/gcc/nios2-elf/5.3.0/../../../../../H-x86_64-mingw32/nios2-elf/lib/mno-hw-mul\libc.a(lib_a-findfp.o)
                0x000000000800c224                __sfp_lock_acquire
 .text.__sfp_lock_release
                0x000000000800c228        0x4 c:/intelfpga_lite/17.1/nios2eds/bin/gnu/h-x86_64-mingw32/bin/../lib/gcc/nios2-elf/5.3.0/../../../../../H-x86_64-mingw32/nios2-elf/lib/mno-hw-mul\libc.a(lib_a-findfp.o)
                0x000000000800c228                __sfp_lock_release
 .text.__sinit_lock_acquire
                0x000000000800c22c        0x4 c:/intelfpga_lite/17.1/nios2eds/bin/gnu/h-x86_64-mingw32/bin/../lib/gcc/nios2-elf/5.3.0/../../../../../H-x86_64-mingw32/nios2-elf/lib/mno-hw-mul\libc.a(lib_a-findfp.o)
                0x000000000800c22c                __sinit_lock_acquire
 .text.__sinit_lock_release
                0x000000000800c230        0x4 c:/intelfpga_lite/17.1/nios2eds/bin/gnu/h-x86_64-mingw32/bin/../lib/gcc/nios2-elf/5.3.0/../../../../../H-x86_64-mingw32/nios2-elf/lib/mno-hw-mul\libc.a(lib_a-findfp.o)
                0x000000000800c230                __sinit_lock_release
 .text.__fp_lock_all
                0x000000000800c234       0x18 c:/intelfpga_lite/17.1/nios2eds/bin/gnu/h-x86_64-mingw32/bin/../lib/gcc/nios2-elf/5.3.0/../../../../../H-x86_64-mingw32/nios2-elf/lib/mno-hw-mul\libc.a(lib_a-findfp.o)
                0x000000000800c234                __fp_lock_all
 .text.__fp_unlock_all
                0x000000000800c24c       0x18 c:/intelfpga_lite/17.1/nios2eds/bin/gnu/h-x86_64-mingw32/bin/../lib/gcc/nios2-elf/5.3.0/../../../../../H-x86_64-mingw32/nios2-elf/lib/mno-hw-mul\libc.a(lib_a-findfp.o)
                0x000000000800c24c                __fp_unlock_all
 .text          0x000000000800c264        0x0 c:/intelfpga_lite/17.1/nios2eds/bin/gnu/h-x86_64-mingw32/bin/../lib/gcc/nios2-elf/5.3.0/../../../../../H-x86_64-mingw32/nios2-elf/lib/mno-hw-mul\libc.a(lib_a-freer.o)
 .text._malloc_trim_r
                0x000000000800c264      0x124 c:/intelfpga_lite/17.1/nios2eds/bin/gnu/h-x86_64-mingw32/bin/../lib/gcc/nios2-elf/5.3.0/../../../../../H-x86_64-mingw32/nios2-elf/lib/mno-hw-mul\libc.a(lib_a-freer.o)
                0x000000000800c264                _malloc_trim_r
 .text._free_r  0x000000000800c388      0x310 c:/intelfpga_lite/17.1/nios2eds/bin/gnu/h-x86_64-mingw32/bin/../lib/gcc/nios2-elf/5.3.0/../../../../../H-x86_64-mingw32/nios2-elf/lib/mno-hw-mul\libc.a(lib_a-freer.o)
                0x000000000800c388                _free_r
 .text          0x000000000800c698        0x0 c:/intelfpga_lite/17.1/nios2eds/bin/gnu/h-x86_64-mingw32/bin/../lib/gcc/nios2-elf/5.3.0/../../../../../H-x86_64-mingw32/nios2-elf/lib/mno-hw-mul\libc.a(lib_a-fvwrite.o)
 .text.__sfvwrite_r
                0x000000000800c698      0x4c8 c:/intelfpga_lite/17.1/nios2eds/bin/gnu/h-x86_64-mingw32/bin/../lib/gcc/nios2-elf/5.3.0/../../../../../H-x86_64-mingw32/nios2-elf/lib/mno-hw-mul\libc.a(lib_a-fvwrite.o)
                0x000000000800c698                __sfvwrite_r
 .text          0x000000000800cb60        0x0 c:/intelfpga_lite/17.1/nios2eds/bin/gnu/h-x86_64-mingw32/bin/../lib/gcc/nios2-elf/5.3.0/../../../../../H-x86_64-mingw32/nios2-elf/lib/mno-hw-mul\libc.a(lib_a-fwalk.o)
 .text._fwalk   0x000000000800cb60       0xc4 c:/intelfpga_lite/17.1/nios2eds/bin/gnu/h-x86_64-mingw32/bin/../lib/gcc/nios2-elf/5.3.0/../../../../../H-x86_64-mingw32/nios2-elf/lib/mno-hw-mul\libc.a(lib_a-fwalk.o)
                0x000000000800cb60                _fwalk
 .text._fwalk_reent
                0x000000000800cc24       0xc4 c:/intelfpga_lite/17.1/nios2eds/bin/gnu/h-x86_64-mingw32/bin/../lib/gcc/nios2-elf/5.3.0/../../../../../H-x86_64-mingw32/nios2-elf/lib/mno-hw-mul\libc.a(lib_a-fwalk.o)
                0x000000000800cc24                _fwalk_reent
 .text          0x000000000800cce8        0x0 c:/intelfpga_lite/17.1/nios2eds/bin/gnu/h-x86_64-mingw32/bin/../lib/gcc/nios2-elf/5.3.0/../../../../../H-x86_64-mingw32/nios2-elf/lib/mno-hw-mul\libc.a(lib_a-gettimeofdayr.o)
 .text._gettimeofday_r
                0x000000000800cce8       0x5c c:/intelfpga_lite/17.1/nios2eds/bin/gnu/h-x86_64-mingw32/bin/../lib/gcc/nios2-elf/5.3.0/../../../../../H-x86_64-mingw32/nios2-elf/lib/mno-hw-mul\libc.a(lib_a-gettimeofdayr.o)
                0x000000000800cce8                _gettimeofday_r
 .text          0x000000000800cd44        0x0 c:/intelfpga_lite/17.1/nios2eds/bin/gnu/h-x86_64-mingw32/bin/../lib/gcc/nios2-elf/5.3.0/../../../../../H-x86_64-mingw32/nios2-elf/lib/mno-hw-mul\libc.a(lib_a-int_errno.o)
 .text          0x000000000800cd44        0x0 c:/intelfpga_lite/17.1/nios2eds/bin/gnu/h-x86_64-mingw32/bin/../lib/gcc/nios2-elf/5.3.0/../../../../../H-x86_64-mingw32/nios2-elf/lib/mno-hw-mul\libc.a(lib_a-locale.o)
 .text._setlocale_r
                0x000000000800cd44       0x7c c:/intelfpga_lite/17.1/nios2eds/bin/gnu/h-x86_64-mingw32/bin/../lib/gcc/nios2-elf/5.3.0/../../../../../H-x86_64-mingw32/nios2-elf/lib/mno-hw-mul\libc.a(lib_a-locale.o)
                0x000000000800cd44                _setlocale_r
 .text.__locale_charset
                0x000000000800cdc0        0xc c:/intelfpga_lite/17.1/nios2eds/bin/gnu/h-x86_64-mingw32/bin/../lib/gcc/nios2-elf/5.3.0/../../../../../H-x86_64-mingw32/nios2-elf/lib/mno-hw-mul\libc.a(lib_a-locale.o)
                0x000000000800cdc0                __locale_charset
 .text.__locale_mb_cur_max
                0x000000000800cdcc       0x10 c:/intelfpga_lite/17.1/nios2eds/bin/gnu/h-x86_64-mingw32/bin/../lib/gcc/nios2-elf/5.3.0/../../../../../H-x86_64-mingw32/nios2-elf/lib/mno-hw-mul\libc.a(lib_a-locale.o)
                0x000000000800cdcc                __locale_mb_cur_max
 .text.__locale_msgcharset
                0x000000000800cddc        0xc c:/intelfpga_lite/17.1/nios2eds/bin/gnu/h-x86_64-mingw32/bin/../lib/gcc/nios2-elf/5.3.0/../../../../../H-x86_64-mingw32/nios2-elf/lib/mno-hw-mul\libc.a(lib_a-locale.o)
                0x000000000800cddc                __locale_msgcharset
 .text.__locale_cjk_lang
                0x000000000800cde8        0x8 c:/intelfpga_lite/17.1/nios2eds/bin/gnu/h-x86_64-mingw32/bin/../lib/gcc/nios2-elf/5.3.0/../../../../../H-x86_64-mingw32/nios2-elf/lib/mno-hw-mul\libc.a(lib_a-locale.o)
                0x000000000800cde8                __locale_cjk_lang
 .text._localeconv_r
                0x000000000800cdf0        0xc c:/intelfpga_lite/17.1/nios2eds/bin/gnu/h-x86_64-mingw32/bin/../lib/gcc/nios2-elf/5.3.0/../../../../../H-x86_64-mingw32/nios2-elf/lib/mno-hw-mul\libc.a(lib_a-locale.o)
                0x000000000800cdf0                _localeconv_r
 .text.setlocale
                0x000000000800cdfc       0x18 c:/intelfpga_lite/17.1/nios2eds/bin/gnu/h-x86_64-mingw32/bin/../lib/gcc/nios2-elf/5.3.0/../../../../../H-x86_64-mingw32/nios2-elf/lib/mno-hw-mul\libc.a(lib_a-locale.o)
                0x000000000800cdfc                setlocale
 .text.localeconv
                0x000000000800ce14        0xc c:/intelfpga_lite/17.1/nios2eds/bin/gnu/h-x86_64-mingw32/bin/../lib/gcc/nios2-elf/5.3.0/../../../../../H-x86_64-mingw32/nios2-elf/lib/mno-hw-mul\libc.a(lib_a-locale.o)
                0x000000000800ce14                localeconv
 .text          0x000000000800ce20        0x0 c:/intelfpga_lite/17.1/nios2eds/bin/gnu/h-x86_64-mingw32/bin/../lib/gcc/nios2-elf/5.3.0/../../../../../H-x86_64-mingw32/nios2-elf/lib/mno-hw-mul\libc.a(lib_a-makebuf.o)
 .text.__smakebuf_r
                0x000000000800ce20      0x1bc c:/intelfpga_lite/17.1/nios2eds/bin/gnu/h-x86_64-mingw32/bin/../lib/gcc/nios2-elf/5.3.0/../../../../../H-x86_64-mingw32/nios2-elf/lib/mno-hw-mul\libc.a(lib_a-makebuf.o)
                0x000000000800ce20                __smakebuf_r
 .text          0x000000000800cfdc        0x0 c:/intelfpga_lite/17.1/nios2eds/bin/gnu/h-x86_64-mingw32/bin/../lib/gcc/nios2-elf/5.3.0/../../../../../H-x86_64-mingw32/nios2-elf/lib/mno-hw-mul\libc.a(lib_a-memchr.o)
 .text.memchr   0x000000000800cfdc       0xe4 c:/intelfpga_lite/17.1/nios2eds/bin/gnu/h-x86_64-mingw32/bin/../lib/gcc/nios2-elf/5.3.0/../../../../../H-x86_64-mingw32/nios2-elf/lib/mno-hw-mul\libc.a(lib_a-memchr.o)
                0x000000000800cfdc                memchr
 .text          0x000000000800d0c0        0x0 c:/intelfpga_lite/17.1/nios2eds/bin/gnu/h-x86_64-mingw32/bin/../lib/gcc/nios2-elf/5.3.0/../../../../../H-x86_64-mingw32/nios2-elf/lib/mno-hw-mul\libc.a(lib_a-memcpy.o)
 .text.memcpy   0x000000000800d0c0      0x148 c:/intelfpga_lite/17.1/nios2eds/bin/gnu/h-x86_64-mingw32/bin/../lib/gcc/nios2-elf/5.3.0/../../../../../H-x86_64-mingw32/nios2-elf/lib/mno-hw-mul\libc.a(lib_a-memcpy.o)
                0x000000000800d0c0                memcpy
 .text          0x000000000800d208        0x0 c:/intelfpga_lite/17.1/nios2eds/bin/gnu/h-x86_64-mingw32/bin/../lib/gcc/nios2-elf/5.3.0/../../../../../H-x86_64-mingw32/nios2-elf/lib/mno-hw-mul\libc.a(lib_a-memmove.o)
 .text.memmove  0x000000000800d208      0x15c c:/intelfpga_lite/17.1/nios2eds/bin/gnu/h-x86_64-mingw32/bin/../lib/gcc/nios2-elf/5.3.0/../../../../../H-x86_64-mingw32/nios2-elf/lib/mno-hw-mul\libc.a(lib_a-memmove.o)
                0x000000000800d208                memmove
 .text          0x000000000800d364        0x0 c:/intelfpga_lite/17.1/nios2eds/bin/gnu/h-x86_64-mingw32/bin/../lib/gcc/nios2-elf/5.3.0/../../../../../H-x86_64-mingw32/nios2-elf/lib/mno-hw-mul\libc.a(lib_a-memset.o)
 .text.memset   0x000000000800d364      0x128 c:/intelfpga_lite/17.1/nios2eds/bin/gnu/h-x86_64-mingw32/bin/../lib/gcc/nios2-elf/5.3.0/../../../../../H-x86_64-mingw32/nios2-elf/lib/mno-hw-mul\libc.a(lib_a-memset.o)
                0x000000000800d364                memset
 .text          0x000000000800d48c        0x0 c:/intelfpga_lite/17.1/nios2eds/bin/gnu/h-x86_64-mingw32/bin/../lib/gcc/nios2-elf/5.3.0/../../../../../H-x86_64-mingw32/nios2-elf/lib/mno-hw-mul\libc.a(lib_a-mprec.o)
 .text._Balloc  0x000000000800d48c       0xa8 c:/intelfpga_lite/17.1/nios2eds/bin/gnu/h-x86_64-mingw32/bin/../lib/gcc/nios2-elf/5.3.0/../../../../../H-x86_64-mingw32/nios2-elf/lib/mno-hw-mul\libc.a(lib_a-mprec.o)
                0x000000000800d48c                _Balloc
 .text._Bfree   0x000000000800d534       0x28 c:/intelfpga_lite/17.1/nios2eds/bin/gnu/h-x86_64-mingw32/bin/../lib/gcc/nios2-elf/5.3.0/../../../../../H-x86_64-mingw32/nios2-elf/lib/mno-hw-mul\libc.a(lib_a-mprec.o)
                0x000000000800d534                _Bfree
 .text.__multadd
                0x000000000800d55c      0x148 c:/intelfpga_lite/17.1/nios2eds/bin/gnu/h-x86_64-mingw32/bin/../lib/gcc/nios2-elf/5.3.0/../../../../../H-x86_64-mingw32/nios2-elf/lib/mno-hw-mul\libc.a(lib_a-mprec.o)
                0x000000000800d55c                __multadd
 .text.__s2b    0x000000000800d6a4      0x104 c:/intelfpga_lite/17.1/nios2eds/bin/gnu/h-x86_64-mingw32/bin/../lib/gcc/nios2-elf/5.3.0/../../../../../H-x86_64-mingw32/nios2-elf/lib/mno-hw-mul\libc.a(lib_a-mprec.o)
                0x000000000800d6a4                __s2b
 .text.__hi0bits
                0x000000000800d7a8       0x68 c:/intelfpga_lite/17.1/nios2eds/bin/gnu/h-x86_64-mingw32/bin/../lib/gcc/nios2-elf/5.3.0/../../../../../H-x86_64-mingw32/nios2-elf/lib/mno-hw-mul\libc.a(lib_a-mprec.o)
                0x000000000800d7a8                __hi0bits
 .text.__lo0bits
                0x000000000800d810       0xb0 c:/intelfpga_lite/17.1/nios2eds/bin/gnu/h-x86_64-mingw32/bin/../lib/gcc/nios2-elf/5.3.0/../../../../../H-x86_64-mingw32/nios2-elf/lib/mno-hw-mul\libc.a(lib_a-mprec.o)
                0x000000000800d810                __lo0bits
 .text.__i2b    0x000000000800d8c0       0x3c c:/intelfpga_lite/17.1/nios2eds/bin/gnu/h-x86_64-mingw32/bin/../lib/gcc/nios2-elf/5.3.0/../../../../../H-x86_64-mingw32/nios2-elf/lib/mno-hw-mul\libc.a(lib_a-mprec.o)
                0x000000000800d8c0                __i2b
 .text.__multiply
                0x000000000800d8fc      0x28c c:/intelfpga_lite/17.1/nios2eds/bin/gnu/h-x86_64-mingw32/bin/../lib/gcc/nios2-elf/5.3.0/../../../../../H-x86_64-mingw32/nios2-elf/lib/mno-hw-mul\libc.a(lib_a-mprec.o)
                0x000000000800d8fc                __multiply
 .text.__pow5mult
                0x000000000800db88      0x140 c:/intelfpga_lite/17.1/nios2eds/bin/gnu/h-x86_64-mingw32/bin/../lib/gcc/nios2-elf/5.3.0/../../../../../H-x86_64-mingw32/nios2-elf/lib/mno-hw-mul\libc.a(lib_a-mprec.o)
                0x000000000800db88                __pow5mult
 .text.__lshift
                0x000000000800dcc8      0x148 c:/intelfpga_lite/17.1/nios2eds/bin/gnu/h-x86_64-mingw32/bin/../lib/gcc/nios2-elf/5.3.0/../../../../../H-x86_64-mingw32/nios2-elf/lib/mno-hw-mul\libc.a(lib_a-mprec.o)
                0x000000000800dcc8                __lshift
 .text.__mcmp   0x000000000800de10       0x60 c:/intelfpga_lite/17.1/nios2eds/bin/gnu/h-x86_64-mingw32/bin/../lib/gcc/nios2-elf/5.3.0/../../../../../H-x86_64-mingw32/nios2-elf/lib/mno-hw-mul\libc.a(lib_a-mprec.o)
                0x000000000800de10                __mcmp
 .text.__mdiff  0x000000000800de70      0x1fc c:/intelfpga_lite/17.1/nios2eds/bin/gnu/h-x86_64-mingw32/bin/../lib/gcc/nios2-elf/5.3.0/../../../../../H-x86_64-mingw32/nios2-elf/lib/mno-hw-mul\libc.a(lib_a-mprec.o)
                0x000000000800de70                __mdiff
 .text.__ulp    0x000000000800e06c       0x64 c:/intelfpga_lite/17.1/nios2eds/bin/gnu/h-x86_64-mingw32/bin/../lib/gcc/nios2-elf/5.3.0/../../../../../H-x86_64-mingw32/nios2-elf/lib/mno-hw-mul\libc.a(lib_a-mprec.o)
                0x000000000800e06c                __ulp
 .text.__b2d    0x000000000800e0d0      0x10c c:/intelfpga_lite/17.1/nios2eds/bin/gnu/h-x86_64-mingw32/bin/../lib/gcc/nios2-elf/5.3.0/../../../../../H-x86_64-mingw32/nios2-elf/lib/mno-hw-mul\libc.a(lib_a-mprec.o)
                0x000000000800e0d0                __b2d
 .text.__d2b    0x000000000800e1dc      0x14c c:/intelfpga_lite/17.1/nios2eds/bin/gnu/h-x86_64-mingw32/bin/../lib/gcc/nios2-elf/5.3.0/../../../../../H-x86_64-mingw32/nios2-elf/lib/mno-hw-mul\libc.a(lib_a-mprec.o)
                0x000000000800e1dc                __d2b
 .text.__ratio  0x000000000800e328       0xa4 c:/intelfpga_lite/17.1/nios2eds/bin/gnu/h-x86_64-mingw32/bin/../lib/gcc/nios2-elf/5.3.0/../../../../../H-x86_64-mingw32/nios2-elf/lib/mno-hw-mul\libc.a(lib_a-mprec.o)
                0x000000000800e328                __ratio
 .text._mprec_log10
                0x000000000800e3cc       0x74 c:/intelfpga_lite/17.1/nios2eds/bin/gnu/h-x86_64-mingw32/bin/../lib/gcc/nios2-elf/5.3.0/../../../../../H-x86_64-mingw32/nios2-elf/lib/mno-hw-mul\libc.a(lib_a-mprec.o)
                0x000000000800e3cc                _mprec_log10
 .text.__copybits
                0x000000000800e440       0x78 c:/intelfpga_lite/17.1/nios2eds/bin/gnu/h-x86_64-mingw32/bin/../lib/gcc/nios2-elf/5.3.0/../../../../../H-x86_64-mingw32/nios2-elf/lib/mno-hw-mul\libc.a(lib_a-mprec.o)
                0x000000000800e440                __copybits
 .text.__any_on
                0x000000000800e4b8       0x8c c:/intelfpga_lite/17.1/nios2eds/bin/gnu/h-x86_64-mingw32/bin/../lib/gcc/nios2-elf/5.3.0/../../../../../H-x86_64-mingw32/nios2-elf/lib/mno-hw-mul\libc.a(lib_a-mprec.o)
                0x000000000800e4b8                __any_on
 .text          0x000000000800e544        0x0 c:/intelfpga_lite/17.1/nios2eds/bin/gnu/h-x86_64-mingw32/bin/../lib/gcc/nios2-elf/5.3.0/../../../../../H-x86_64-mingw32/nios2-elf/lib/mno-hw-mul\libc.a(lib_a-reallocr.o)
 .text._realloc_r
                0x000000000800e544      0x564 c:/intelfpga_lite/17.1/nios2eds/bin/gnu/h-x86_64-mingw32/bin/../lib/gcc/nios2-elf/5.3.0/../../../../../H-x86_64-mingw32/nios2-elf/lib/mno-hw-mul\libc.a(lib_a-reallocr.o)
                0x000000000800e544                _realloc_r
 .text          0x000000000800eaa8        0x0 c:/intelfpga_lite/17.1/nios2eds/bin/gnu/h-x86_64-mingw32/bin/../lib/gcc/nios2-elf/5.3.0/../../../../../H-x86_64-mingw32/nios2-elf/lib/mno-hw-mul\libc.a(lib_a-stdio.o)
 .text.__sread  0x000000000800eaa8       0x54 c:/intelfpga_lite/17.1/nios2eds/bin/gnu/h-x86_64-mingw32/bin/../lib/gcc/nios2-elf/5.3.0/../../../../../H-x86_64-mingw32/nios2-elf/lib/mno-hw-mul\libc.a(lib_a-stdio.o)
                0x000000000800eaa8                __sread
 .text.__seofread
                0x000000000800eafc        0x8 c:/intelfpga_lite/17.1/nios2eds/bin/gnu/h-x86_64-mingw32/bin/../lib/gcc/nios2-elf/5.3.0/../../../../../H-x86_64-mingw32/nios2-elf/lib/mno-hw-mul\libc.a(lib_a-stdio.o)
                0x000000000800eafc                __seofread
 .text.__swrite
                0x000000000800eb04       0x7c c:/intelfpga_lite/17.1/nios2eds/bin/gnu/h-x86_64-mingw32/bin/../lib/gcc/nios2-elf/5.3.0/../../../../../H-x86_64-mingw32/nios2-elf/lib/mno-hw-mul\libc.a(lib_a-stdio.o)
                0x000000000800eb04                __swrite
 .text.__sseek  0x000000000800eb80       0x5c c:/intelfpga_lite/17.1/nios2eds/bin/gnu/h-x86_64-mingw32/bin/../lib/gcc/nios2-elf/5.3.0/../../../../../H-x86_64-mingw32/nios2-elf/lib/mno-hw-mul\libc.a(lib_a-stdio.o)
                0x000000000800eb80                __sseek
 .text.__sclose
                0x000000000800ebdc        0x8 c:/intelfpga_lite/17.1/nios2eds/bin/gnu/h-x86_64-mingw32/bin/../lib/gcc/nios2-elf/5.3.0/../../../../../H-x86_64-mingw32/nios2-elf/lib/mno-hw-mul\libc.a(lib_a-stdio.o)
                0x000000000800ebdc                __sclose
 .text          0x000000000800ebe4        0x0 c:/intelfpga_lite/17.1/nios2eds/bin/gnu/h-x86_64-mingw32/bin/../lib/gcc/nios2-elf/5.3.0/../../../../../H-x86_64-mingw32/nios2-elf/lib/mno-hw-mul\libc.a(lib_a-strcmp.o)
 .text.strcmp   0x000000000800ebe4       0xdc c:/intelfpga_lite/17.1/nios2eds/bin/gnu/h-x86_64-mingw32/bin/../lib/gcc/nios2-elf/5.3.0/../../../../../H-x86_64-mingw32/nios2-elf/lib/mno-hw-mul\libc.a(lib_a-strcmp.o)
                0x000000000800ebe4                strcmp
 .text          0x000000000800ecc0        0x0 c:/intelfpga_lite/17.1/nios2eds/bin/gnu/h-x86_64-mingw32/bin/../lib/gcc/nios2-elf/5.3.0/../../../../../H-x86_64-mingw32/nios2-elf/lib/mno-hw-mul\libc.a(lib_a-vfiprintf.o)
 .text.__sprint_r.part.0
                0x000000000800ecc0       0xfc c:/intelfpga_lite/17.1/nios2eds/bin/gnu/h-x86_64-mingw32/bin/../lib/gcc/nios2-elf/5.3.0/../../../../../H-x86_64-mingw32/nios2-elf/lib/mno-hw-mul\libc.a(lib_a-vfiprintf.o)
 .text.__sprint_r
                0x000000000800edbc       0x18 c:/intelfpga_lite/17.1/nios2eds/bin/gnu/h-x86_64-mingw32/bin/../lib/gcc/nios2-elf/5.3.0/../../../../../H-x86_64-mingw32/nios2-elf/lib/mno-hw-mul\libc.a(lib_a-vfiprintf.o)
                0x000000000800edbc                __sprint_r
 .text.___vfiprintf_internal_r
                0x000000000800edd4     0x150c c:/intelfpga_lite/17.1/nios2eds/bin/gnu/h-x86_64-mingw32/bin/../lib/gcc/nios2-elf/5.3.0/../../../../../H-x86_64-mingw32/nios2-elf/lib/mno-hw-mul\libc.a(lib_a-vfiprintf.o)
                0x000000000800edd4                ___vfiprintf_internal_r
 .text.__vfiprintf_internal
                0x00000000080102e0       0x1c c:/intelfpga_lite/17.1/nios2eds/bin/gnu/h-x86_64-mingw32/bin/../lib/gcc/nios2-elf/5.3.0/../../../../../H-x86_64-mingw32/nios2-elf/lib/mno-hw-mul\libc.a(lib_a-vfiprintf.o)
                0x00000000080102e0                __vfiprintf_internal
 .text.__sbprintf
                0x00000000080102fc       0xbc c:/intelfpga_lite/17.1/nios2eds/bin/gnu/h-x86_64-mingw32/bin/../lib/gcc/nios2-elf/5.3.0/../../../../../H-x86_64-mingw32/nios2-elf/lib/mno-hw-mul\libc.a(lib_a-vfiprintf.o)
 .text          0x00000000080103b8        0x0 c:/intelfpga_lite/17.1/nios2eds/bin/gnu/h-x86_64-mingw32/bin/../lib/gcc/nios2-elf/5.3.0/../../../../../H-x86_64-mingw32/nios2-elf/lib/mno-hw-mul\libc.a(lib_a-writer.o)
 .text._write_r
                0x00000000080103b8       0x60 c:/intelfpga_lite/17.1/nios2eds/bin/gnu/h-x86_64-mingw32/bin/../lib/gcc/nios2-elf/5.3.0/../../../../../H-x86_64-mingw32/nios2-elf/lib/mno-hw-mul\libc.a(lib_a-writer.o)
                0x00000000080103b8                _write_r
 .text          0x0000000008010418        0x0 c:/intelfpga_lite/17.1/nios2eds/bin/gnu/h-x86_64-mingw32/bin/../lib/gcc/nios2-elf/5.3.0/../../../../../H-x86_64-mingw32/nios2-elf/lib/mno-hw-mul\libc.a(closer.o)
 .text._close_r
                0x0000000008010418       0x54 c:/intelfpga_lite/17.1/nios2eds/bin/gnu/h-x86_64-mingw32/bin/../lib/gcc/nios2-elf/5.3.0/../../../../../H-x86_64-mingw32/nios2-elf/lib/mno-hw-mul\libc.a(closer.o)
                0x0000000008010418                _close_r
 .text          0x000000000801046c        0x0 c:/intelfpga_lite/17.1/nios2eds/bin/gnu/h-x86_64-mingw32/bin/../lib/gcc/nios2-elf/5.3.0/../../../../../H-x86_64-mingw32/nios2-elf/lib/mno-hw-mul\libc.a(lib_a-callocr.o)
 .text._calloc_r
                0x000000000801046c       0xdc c:/intelfpga_lite/17.1/nios2eds/bin/gnu/h-x86_64-mingw32/bin/../lib/gcc/nios2-elf/5.3.0/../../../../../H-x86_64-mingw32/nios2-elf/lib/mno-hw-mul\libc.a(lib_a-callocr.o)
                0x000000000801046c                _calloc_r
 .text          0x0000000008010548        0x0 c:/intelfpga_lite/17.1/nios2eds/bin/gnu/h-x86_64-mingw32/bin/../lib/gcc/nios2-elf/5.3.0/../../../../../H-x86_64-mingw32/nios2-elf/lib/mno-hw-mul\libc.a(lib_a-fclose.o)
 .text._fclose_r
                0x0000000008010548       0xf0 c:/intelfpga_lite/17.1/nios2eds/bin/gnu/h-x86_64-mingw32/bin/../lib/gcc/nios2-elf/5.3.0/../../../../../H-x86_64-mingw32/nios2-elf/lib/mno-hw-mul\libc.a(lib_a-fclose.o)
                0x0000000008010548                _fclose_r
 .text.fclose   0x0000000008010638       0x14 c:/intelfpga_lite/17.1/nios2eds/bin/gnu/h-x86_64-mingw32/bin/../lib/gcc/nios2-elf/5.3.0/../../../../../H-x86_64-mingw32/nios2-elf/lib/mno-hw-mul\libc.a(lib_a-fclose.o)
                0x0000000008010638                fclose
 .text          0x000000000801064c        0x0 c:/intelfpga_lite/17.1/nios2eds/bin/gnu/h-x86_64-mingw32/bin/../lib/gcc/nios2-elf/5.3.0/../../../../../H-x86_64-mingw32/nios2-elf/lib/mno-hw-mul\libc.a(lib_a-fputwc.o)
 .text.__fputwc
                0x000000000801064c      0x164 c:/intelfpga_lite/17.1/nios2eds/bin/gnu/h-x86_64-mingw32/bin/../lib/gcc/nios2-elf/5.3.0/../../../../../H-x86_64-mingw32/nios2-elf/lib/mno-hw-mul\libc.a(lib_a-fputwc.o)
                0x000000000801064c                __fputwc
 .text._fputwc_r
                0x00000000080107b0       0x24 c:/intelfpga_lite/17.1/nios2eds/bin/gnu/h-x86_64-mingw32/bin/../lib/gcc/nios2-elf/5.3.0/../../../../../H-x86_64-mingw32/nios2-elf/lib/mno-hw-mul\libc.a(lib_a-fputwc.o)
                0x00000000080107b0                _fputwc_r
 .text.fputwc   0x00000000080107d4       0x80 c:/intelfpga_lite/17.1/nios2eds/bin/gnu/h-x86_64-mingw32/bin/../lib/gcc/nios2-elf/5.3.0/../../../../../H-x86_64-mingw32/nios2-elf/lib/mno-hw-mul\libc.a(lib_a-fputwc.o)
                0x00000000080107d4                fputwc
 .text          0x0000000008010854        0x0 c:/intelfpga_lite/17.1/nios2eds/bin/gnu/h-x86_64-mingw32/bin/../lib/gcc/nios2-elf/5.3.0/../../../../../H-x86_64-mingw32/nios2-elf/lib/mno-hw-mul\libc.a(lib_a-fstatr.o)
 .text._fstat_r
                0x0000000008010854       0x5c c:/intelfpga_lite/17.1/nios2eds/bin/gnu/h-x86_64-mingw32/bin/../lib/gcc/nios2-elf/5.3.0/../../../../../H-x86_64-mingw32/nios2-elf/lib/mno-hw-mul\libc.a(lib_a-fstatr.o)
                0x0000000008010854                _fstat_r
 .text          0x00000000080108b0        0x0 c:/intelfpga_lite/17.1/nios2eds/bin/gnu/h-x86_64-mingw32/bin/../lib/gcc/nios2-elf/5.3.0/../../../../../H-x86_64-mingw32/nios2-elf/lib/mno-hw-mul\libc.a(lib_a-isattyr.o)
 .text._isatty_r
                0x00000000080108b0       0x54 c:/intelfpga_lite/17.1/nios2eds/bin/gnu/h-x86_64-mingw32/bin/../lib/gcc/nios2-elf/5.3.0/../../../../../H-x86_64-mingw32/nios2-elf/lib/mno-hw-mul\libc.a(lib_a-isattyr.o)
                0x00000000080108b0                _isatty_r
 .text          0x0000000008010904        0x0 c:/intelfpga_lite/17.1/nios2eds/bin/gnu/h-x86_64-mingw32/bin/../lib/gcc/nios2-elf/5.3.0/../../../../../H-x86_64-mingw32/nios2-elf/lib/mno-hw-mul\libc.a(lib_a-lseekr.o)
 .text._lseek_r
                0x0000000008010904       0x60 c:/intelfpga_lite/17.1/nios2eds/bin/gnu/h-x86_64-mingw32/bin/../lib/gcc/nios2-elf/5.3.0/../../../../../H-x86_64-mingw32/nios2-elf/lib/mno-hw-mul\libc.a(lib_a-lseekr.o)
                0x0000000008010904                _lseek_r
 .text          0x0000000008010964        0x0 c:/intelfpga_lite/17.1/nios2eds/bin/gnu/h-x86_64-mingw32/bin/../lib/gcc/nios2-elf/5.3.0/../../../../../H-x86_64-mingw32/nios2-elf/lib/mno-hw-mul\libc.a(lib_a-readr.o)
 .text._read_r  0x0000000008010964       0x60 c:/intelfpga_lite/17.1/nios2eds/bin/gnu/h-x86_64-mingw32/bin/../lib/gcc/nios2-elf/5.3.0/../../../../../H-x86_64-mingw32/nios2-elf/lib/mno-hw-mul\libc.a(lib_a-readr.o)
                0x0000000008010964                _read_r
 .text          0x00000000080109c4        0x0 c:/intelfpga_lite/17.1/nios2eds/bin/gnu/h-x86_64-mingw32/bin/../lib/gcc/nios2-elf/5.3.0/../../../../../H-x86_64-mingw32/nios2-elf/lib/mno-hw-mul\libc.a(lib_a-wbuf.o)
 .text.__swbuf_r
                0x00000000080109c4      0x140 c:/intelfpga_lite/17.1/nios2eds/bin/gnu/h-x86_64-mingw32/bin/../lib/gcc/nios2-elf/5.3.0/../../../../../H-x86_64-mingw32/nios2-elf/lib/mno-hw-mul\libc.a(lib_a-wbuf.o)
                0x00000000080109c4                __swbuf_r
 .text.__swbuf  0x0000000008010b04       0x18 c:/intelfpga_lite/17.1/nios2eds/bin/gnu/h-x86_64-mingw32/bin/../lib/gcc/nios2-elf/5.3.0/../../../../../H-x86_64-mingw32/nios2-elf/lib/mno-hw-mul\libc.a(lib_a-wbuf.o)
                0x0000000008010b04                __swbuf
 .text          0x0000000008010b1c        0x0 c:/intelfpga_lite/17.1/nios2eds/bin/gnu/h-x86_64-mingw32/bin/../lib/gcc/nios2-elf/5.3.0/../../../../../H-x86_64-mingw32/nios2-elf/lib/mno-hw-mul\libc.a(lib_a-wcrtomb.o)
 .text._wcrtomb_r
                0x0000000008010b1c       0x9c c:/intelfpga_lite/17.1/nios2eds/bin/gnu/h-x86_64-mingw32/bin/../lib/gcc/nios2-elf/5.3.0/../../../../../H-x86_64-mingw32/nios2-elf/lib/mno-hw-mul\libc.a(lib_a-wcrtomb.o)
                0x0000000008010b1c                _wcrtomb_r
 .text.wcrtomb  0x0000000008010bb8       0xc0 c:/intelfpga_lite/17.1/nios2eds/bin/gnu/h-x86_64-mingw32/bin/../lib/gcc/nios2-elf/5.3.0/../../../../../H-x86_64-mingw32/nios2-elf/lib/mno-hw-mul\libc.a(lib_a-wcrtomb.o)
                0x0000000008010bb8                wcrtomb
 .text          0x0000000008010c78        0x0 c:/intelfpga_lite/17.1/nios2eds/bin/gnu/h-x86_64-mingw32/bin/../lib/gcc/nios2-elf/5.3.0/../../../../../H-x86_64-mingw32/nios2-elf/lib/mno-hw-mul\libc.a(lib_a-wctomb_r.o)
 .text.__ascii_wctomb
                0x0000000008010c78       0x30 c:/intelfpga_lite/17.1/nios2eds/bin/gnu/h-x86_64-mingw32/bin/../lib/gcc/nios2-elf/5.3.0/../../../../../H-x86_64-mingw32/nios2-elf/lib/mno-hw-mul\libc.a(lib_a-wctomb_r.o)
                0x0000000008010c78                __ascii_wctomb
 .text._wctomb_r
                0x0000000008010ca8       0x5c c:/intelfpga_lite/17.1/nios2eds/bin/gnu/h-x86_64-mingw32/bin/../lib/gcc/nios2-elf/5.3.0/../../../../../H-x86_64-mingw32/nios2-elf/lib/mno-hw-mul\libc.a(lib_a-wctomb_r.o)
                0x0000000008010ca8                _wctomb_r
 .text          0x0000000008010d04      0x10c c:/intelfpga_lite/17.1/nios2eds/bin/gnu/h-x86_64-mingw32/bin/../lib/gcc/nios2-elf/5.3.0/mno-hw-mul\libgcc.a(_muldi3.o)
                0x0000000008010d04                __muldi3
 .text          0x0000000008010e10      0x5fc c:/intelfpga_lite/17.1/nios2eds/bin/gnu/h-x86_64-mingw32/bin/../lib/gcc/nios2-elf/5.3.0/mno-hw-mul\libgcc.a(_udivdi3.o)
                0x0000000008010e10                __udivdi3
 .text          0x000000000801140c      0x5c4 c:/intelfpga_lite/17.1/nios2eds/bin/gnu/h-x86_64-mingw32/bin/../lib/gcc/nios2-elf/5.3.0/mno-hw-mul\libgcc.a(_umoddi3.o)
                0x000000000801140c                __umoddi3
 .text          0x00000000080119d0       0x88 c:/intelfpga_lite/17.1/nios2eds/bin/gnu/h-x86_64-mingw32/bin/../lib/gcc/nios2-elf/5.3.0/mno-hw-mul\libgcc.a(eqdf2.o)
                0x00000000080119d0                __nedf2
                0x00000000080119d0                __eqdf2
 .text          0x0000000008011a58       0xdc c:/intelfpga_lite/17.1/nios2eds/bin/gnu/h-x86_64-mingw32/bin/../lib/gcc/nios2-elf/5.3.0/mno-hw-mul\libgcc.a(gedf2.o)
                0x0000000008011a58                __gedf2
                0x0000000008011a58                __gtdf2
 .text          0x0000000008011b34       0x80 c:/intelfpga_lite/17.1/nios2eds/bin/gnu/h-x86_64-mingw32/bin/../lib/gcc/nios2-elf/5.3.0/mno-hw-mul\libgcc.a(fixdfsi.o)
                0x0000000008011b34                __fixdfsi
 .text          0x0000000008011bb4      0x114 ../GravSim_bsp/\libhal_bsp.a(alt_close.o)
                0x0000000008011bf0                close
 .text          0x0000000008011cc8       0x2c ../GravSim_bsp/\libhal_bsp.a(alt_dev.o)
 .text          0x0000000008011cf4        0x0 ../GravSim_bsp/\libhal_bsp.a(alt_errno.o)
 .text          0x0000000008011cf4       0xf4 ../GravSim_bsp/\libhal_bsp.a(alt_fstat.o)
                0x0000000008011d30                fstat
 .text          0x0000000008011de8      0x1f4 ../GravSim_bsp/\libhal_bsp.a(alt_gettod.o)
                0x0000000008011de8                gettimeofday
 .text          0x0000000008011fdc       0xe8 ../GravSim_bsp/\libhal_bsp.a(alt_isatty.o)
                0x0000000008012018                isatty
 .text          0x00000000080120c4       0xec ../GravSim_bsp/\libhal_bsp.a(alt_load.o)
                0x000000000801212c                alt_load
 .text          0x00000000080121b0      0x118 ../GravSim_bsp/\libhal_bsp.a(alt_lseek.o)
                0x00000000080121ec                lseek
 .text          0x00000000080122c8       0x7c ../GravSim_bsp/\libhal_bsp.a(alt_main.o)
                0x00000000080122c8                alt_main
 .text          0x0000000008012344       0x48 ../GravSim_bsp/\libhal_bsp.a(alt_malloc_lock.o)
                0x0000000008012344                __malloc_lock
                0x0000000008012368                __malloc_unlock
 .text          0x000000000801238c      0x140 ../GravSim_bsp/\libhal_bsp.a(alt_read.o)
                0x00000000080123c8                read
 .text          0x00000000080124cc       0x84 ../GravSim_bsp/\libhal_bsp.a(alt_release_fd.o)
                0x00000000080124cc                alt_release_fd
 .text          0x0000000008012550       0xb0 ../GravSim_bsp/\libhal_bsp.a(alt_sbrk.o)
                0x0000000008012550                sbrk
 .text          0x0000000008012600      0x1a4 ../GravSim_bsp/\libhal_bsp.a(alt_tick.o)
                0x0000000008012600                alt_alarm_stop
                0x000000000801269c                alt_tick
 .text          0x00000000080127a4       0xb4 ../GravSim_bsp/\libhal_bsp.a(alt_times.o)
                0x00000000080127e0                times
 .text          0x0000000008012858      0x13c ../GravSim_bsp/\libhal_bsp.a(alt_write.o)
                0x0000000008012894                write
 .text          0x0000000008012994       0xcc ../GravSim_bsp/\libhal_bsp.a(alt_sys_init.o)
                0x00000000080129c8                alt_irq_init
                0x0000000008012a00                alt_sys_init
 .text          0x0000000008012a60      0x164 ../GravSim_bsp/\libhal_bsp.a(altera_avalon_jtag_uart_fd.o)
                0x0000000008012a60                altera_avalon_jtag_uart_read_fd
                0x0000000008012ac0                altera_avalon_jtag_uart_write_fd
                0x0000000008012b20                altera_avalon_jtag_uart_close_fd
                0x0000000008012b70                altera_avalon_jtag_uart_ioctl_fd
 .text          0x0000000008012bc4      0x3d4 ../GravSim_bsp/\libhal_bsp.a(altera_avalon_jtag_uart_init.o)
                0x0000000008012bc4                altera_avalon_jtag_uart_init
                0x0000000008012f30                altera_avalon_jtag_uart_close
 .text          0x0000000008012f98       0xf0 ../GravSim_bsp/\libhal_bsp.a(altera_avalon_jtag_uart_ioctl.o)
                0x0000000008012f98                altera_avalon_jtag_uart_ioctl
 .text          0x0000000008013088      0x21c ../GravSim_bsp/\libhal_bsp.a(altera_avalon_jtag_uart_read.o)
                0x0000000008013088                altera_avalon_jtag_uart_read
 .text          0x00000000080132a4      0x224 ../GravSim_bsp/\libhal_bsp.a(altera_avalon_jtag_uart_write.o)
                0x00000000080132a4                altera_avalon_jtag_uart_write
 .text          0x00000000080134c8       0xf4 ../GravSim_bsp/\libhal_bsp.a(altera_avalon_timer_sc.o)
                0x0000000008013540                alt_avalon_timer_sc_init
 .text          0x00000000080135bc      0x12c ../GravSim_bsp/\libhal_bsp.a(alt_alarm_start.o)
                0x00000000080135bc                alt_alarm_start
 .text          0x00000000080136e8       0x20 ../GravSim_bsp/\libhal_bsp.a(alt_dcache_flush_all.o)
                0x00000000080136e8                alt_dcache_flush_all
 .text          0x0000000008013708       0xe0 ../GravSim_bsp/\libhal_bsp.a(alt_dev_llist_insert.o)
                0x0000000008013744                alt_dev_llist_insert
 .text          0x00000000080137e8       0x60 ../GravSim_bsp/\libhal_bsp.a(alt_do_ctors.o)
                0x00000000080137e8                _do_ctors
 .text          0x0000000008013848       0x60 ../GravSim_bsp/\libhal_bsp.a(alt_do_dtors.o)
                0x0000000008013848                _do_dtors
 .text          0x00000000080138a8       0x20 ../GravSim_bsp/\libhal_bsp.a(alt_icache_flush_all.o)
                0x00000000080138a8                alt_icache_flush_all
 .text          0x00000000080138c8      0x1b0 ../GravSim_bsp/\libhal_bsp.a(alt_iic.o)
                0x00000000080138c8                alt_ic_isr_register
                0x0000000008013918                alt_ic_irq_enable
                0x00000000080139a0                alt_ic_irq_disable
                0x0000000008013a2c                alt_ic_irq_enabled
 .text          0x0000000008013a78       0xf0 ../GravSim_bsp/\libhal_bsp.a(alt_iic_isr_register.o)
                0x0000000008013a78                alt_iic_isr_register
 .text          0x0000000008013b68      0x160 ../GravSim_bsp/\libhal_bsp.a(alt_io_redirect.o)
                0x0000000008013c4c                alt_io_redirect
 .text          0x0000000008013cc8        0x0 ../GravSim_bsp/\libhal_bsp.a(alt_irq_entry.o)
 .text          0x0000000008013cc8        0x0 ../GravSim_bsp/\libhal_bsp.a(alt_irq_handler.o)
 .text          0x0000000008013cc8        0x0 ../GravSim_bsp/\libhal_bsp.a(alt_irq_vars.o)
 .text          0x0000000008013cc8      0x284 ../GravSim_bsp/\libhal_bsp.a(alt_open.o)
                0x0000000008013df0                open
 .text          0x0000000008013f4c       0x24 ../GravSim_bsp/\libhal_bsp.a(altera_nios2_qsys_irq.o)
                0x0000000008013f4c                altera_nios2_qsys_irq_init
 .text          0x0000000008013f70        0x0 ../GravSim_bsp/\libhal_bsp.a(alt_exception_entry.o)
 .text          0x0000000008013f70       0x90 ../GravSim_bsp/\libhal_bsp.a(alt_find_dev.o)
                0x0000000008013f70                alt_find_dev
 .text          0x0000000008014000      0x108 ../GravSim_bsp/\libhal_bsp.a(alt_find_file.o)
                0x0000000008014000                alt_find_file
 .text          0x0000000008014108       0xc4 ../GravSim_bsp/\libhal_bsp.a(alt_get_fd.o)
                0x0000000008014108                alt_get_fd
 .text          0x00000000080141cc        0x0 c:/intelfpga_lite/17.1/nios2eds/bin/gnu/h-x86_64-mingw32/bin/../lib/gcc/nios2-elf/5.3.0/../../../../../H-x86_64-mingw32/nios2-elf/lib/mno-hw-mul\libc.a(lib_a-atexit.o)
 .text.atexit   0x00000000080141cc       0x14 c:/intelfpga_lite/17.1/nios2eds/bin/gnu/h-x86_64-mingw32/bin/../lib/gcc/nios2-elf/5.3.0/../../../../../H-x86_64-mingw32/nios2-elf/lib/mno-hw-mul\libc.a(lib_a-atexit.o)
                0x00000000080141cc                atexit
 .text          0x00000000080141e0        0x0 c:/intelfpga_lite/17.1/nios2eds/bin/gnu/h-x86_64-mingw32/bin/../lib/gcc/nios2-elf/5.3.0/../../../../../H-x86_64-mingw32/nios2-elf/lib/mno-hw-mul\libc.a(lib_a-exit.o)
 .text.exit     0x00000000080141e0       0x38 c:/intelfpga_lite/17.1/nios2eds/bin/gnu/h-x86_64-mingw32/bin/../lib/gcc/nios2-elf/5.3.0/../../../../../H-x86_64-mingw32/nios2-elf/lib/mno-hw-mul\libc.a(lib_a-exit.o)
                0x00000000080141e0                exit
 .text          0x0000000008014218        0x0 c:/intelfpga_lite/17.1/nios2eds/bin/gnu/h-x86_64-mingw32/bin/../lib/gcc/nios2-elf/5.3.0/../../../../../H-x86_64-mingw32/nios2-elf/lib/mno-hw-mul\libc.a(lib_a-memcmp.o)
 .text.memcmp   0x0000000008014218       0x7c c:/intelfpga_lite/17.1/nios2eds/bin/gnu/h-x86_64-mingw32/bin/../lib/gcc/nios2-elf/5.3.0/../../../../../H-x86_64-mingw32/nios2-elf/lib/mno-hw-mul\libc.a(lib_a-memcmp.o)
                0x0000000008014218                memcmp
 .text          0x0000000008014294        0x0 c:/intelfpga_lite/17.1/nios2eds/bin/gnu/h-x86_64-mingw32/bin/../lib/gcc/nios2-elf/5.3.0/../../../../../H-x86_64-mingw32/nios2-elf/lib/mno-hw-mul\libc.a(lib_a-__atexit.o)
 .text.__register_exitproc
                0x0000000008014294      0x118 c:/intelfpga_lite/17.1/nios2eds/bin/gnu/h-x86_64-mingw32/bin/../lib/gcc/nios2-elf/5.3.0/../../../../../H-x86_64-mingw32/nios2-elf/lib/mno-hw-mul\libc.a(lib_a-__atexit.o)
                0x0000000008014294                __register_exitproc
 .text          0x00000000080143ac        0x0 c:/intelfpga_lite/17.1/nios2eds/bin/gnu/h-x86_64-mingw32/bin/../lib/gcc/nios2-elf/5.3.0/../../../../../H-x86_64-mingw32/nios2-elf/lib/mno-hw-mul\libc.a(lib_a-__call_atexit.o)
 .text.__call_exitprocs
                0x00000000080143ac      0x180 c:/intelfpga_lite/17.1/nios2eds/bin/gnu/h-x86_64-mingw32/bin/../lib/gcc/nios2-elf/5.3.0/../../../../../H-x86_64-mingw32/nios2-elf/lib/mno-hw-mul\libc.a(lib_a-__call_atexit.o)
                0x00000000080143ac                __call_exitprocs
 .text          0x000000000801452c       0x34 ../GravSim_bsp/\libhal_bsp.a(alt_exit.o)
                0x000000000801452c                _exit
 *(.gnu.warning.*)
 *(.fini)
                [!provide]                        PROVIDE (__etext, ABSOLUTE (.))
                [!provide]                        PROVIDE (_etext, ABSOLUTE (.))
                [!provide]                        PROVIDE (etext, ABSOLUTE (.))
 *(.eh_frame_hdr)
                0x0000000008014560                . = ALIGN (0x4)
                [!provide]                        PROVIDE (__preinit_array_start, ABSOLUTE (.))
 *(.preinit_array)
                [!provide]                        PROVIDE (__preinit_array_end, ABSOLUTE (.))
                [!provide]                        PROVIDE (__init_array_start, ABSOLUTE (.))
 *(.init_array)
                [!provide]                        PROVIDE (__init_array_end, ABSOLUTE (.))
                [!provide]                        PROVIDE (__fini_array_start, ABSOLUTE (.))
 *(.fini_array)
                [!provide]                        PROVIDE (__fini_array_end, ABSOLUTE (.))
 *(.eh_frame)
 *(.gcc_except_table .gcc_except_table.*)
 *(.dynamic)
                0x0000000008014560                PROVIDE (__CTOR_LIST__, ABSOLUTE (.))
 *(.ctors)
 *(SORT(.ctors.*))
                0x0000000008014560                PROVIDE (__CTOR_END__, ABSOLUTE (.))
                0x0000000008014560                PROVIDE (__DTOR_LIST__, ABSOLUTE (.))
 *(.dtors)
 *(SORT(.dtors.*))
                0x0000000008014560                PROVIDE (__DTOR_END__, ABSOLUTE (.))
 *(.jcr)
                0x0000000008014560                . = ALIGN (0x4)

.rodata         0x0000000008014560      0x4e0
                0x0000000008014560                PROVIDE (__ram_rodata_start, ABSOLUTE (.))
                0x0000000008014560                . = ALIGN (0x4)
 *(.rodata .rodata.* .gnu.linkonce.r.*)
 .rodata        0x0000000008014560      0x1d5 obj/default/main.o
 *fill*         0x0000000008014735        0x3 
 .rodata.str1.4
                0x0000000008014738        0x5 c:/intelfpga_lite/17.1/nios2eds/bin/gnu/h-x86_64-mingw32/bin/../lib/gcc/nios2-elf/5.3.0/../../../../../H-x86_64-mingw32/nios2-elf/lib/mno-hw-mul\libm.a(lib_a-w_sqrt.o)
 .rodata        0x000000000801473d      0x100 c:/intelfpga_lite/17.1/nios2eds/bin/gnu/h-x86_64-mingw32/bin/../lib/gcc/nios2-elf/5.3.0/mno-hw-mul\libgcc.a(_clz.o)
                0x000000000801473d                __clz_tab
 *fill*         0x000000000801483d        0x3 
 .rodata.str1.4
                0x0000000008014840        0x2 c:/intelfpga_lite/17.1/nios2eds/bin/gnu/h-x86_64-mingw32/bin/../lib/gcc/nios2-elf/5.3.0/../../../../../H-x86_64-mingw32/nios2-elf/lib/mno-hw-mul\libc.a(lib_a-impure.o)
 *fill*         0x0000000008014842        0x2 
 .rodata.str1.4
                0x0000000008014844        0x2 c:/intelfpga_lite/17.1/nios2eds/bin/gnu/h-x86_64-mingw32/bin/../lib/gcc/nios2-elf/5.3.0/../../../../../H-x86_64-mingw32/nios2-elf/lib/mno-hw-mul\libc.a(lib_a-puts.o)
 *fill*         0x0000000008014846        0x2 
 .rodata.str1.4
                0x0000000008014848       0x42 c:/intelfpga_lite/17.1/nios2eds/bin/gnu/h-x86_64-mingw32/bin/../lib/gcc/nios2-elf/5.3.0/../../../../../H-x86_64-mingw32/nios2-elf/lib/mno-hw-mul\libc.a(lib_a-vfprintf.o)
 .rodata.zeroes.4404
                0x000000000801488a       0x10 c:/intelfpga_lite/17.1/nios2eds/bin/gnu/h-x86_64-mingw32/bin/../lib/gcc/nios2-elf/5.3.0/../../../../../H-x86_64-mingw32/nios2-elf/lib/mno-hw-mul\libc.a(lib_a-vfprintf.o)
 .rodata.blanks.4403
                0x000000000801489a       0x10 c:/intelfpga_lite/17.1/nios2eds/bin/gnu/h-x86_64-mingw32/bin/../lib/gcc/nios2-elf/5.3.0/../../../../../H-x86_64-mingw32/nios2-elf/lib/mno-hw-mul\libc.a(lib_a-vfprintf.o)
 *fill*         0x00000000080148aa        0x2 
 .rodata.str1.4
                0x00000000080148ac       0x10 c:/intelfpga_lite/17.1/nios2eds/bin/gnu/h-x86_64-mingw32/bin/../lib/gcc/nios2-elf/5.3.0/../../../../../H-x86_64-mingw32/nios2-elf/lib/mno-hw-mul\libc.a(lib_a-dtoa.o)
                                         0x12 (size before relaxing)
 .rodata.str1.4
                0x00000000080148bc        0xc c:/intelfpga_lite/17.1/nios2eds/bin/gnu/h-x86_64-mingw32/bin/../lib/gcc/nios2-elf/5.3.0/../../../../../H-x86_64-mingw32/nios2-elf/lib/mno-hw-mul\libc.a(lib_a-locale.o)
                                         0x12 (size before relaxing)
 .rodata.p05.2768
                0x00000000080148c8        0xc c:/intelfpga_lite/17.1/nios2eds/bin/gnu/h-x86_64-mingw32/bin/../lib/gcc/nios2-elf/5.3.0/../../../../../H-x86_64-mingw32/nios2-elf/lib/mno-hw-mul\libc.a(lib_a-mprec.o)
 .rodata.__mprec_tinytens
                0x00000000080148d4       0x28 c:/intelfpga_lite/17.1/nios2eds/bin/gnu/h-x86_64-mingw32/bin/../lib/gcc/nios2-elf/5.3.0/../../../../../H-x86_64-mingw32/nios2-elf/lib/mno-hw-mul\libc.a(lib_a-mprec.o)
                0x00000000080148d4                __mprec_tinytens
 .rodata.__mprec_bigtens
                0x00000000080148fc       0x28 c:/intelfpga_lite/17.1/nios2eds/bin/gnu/h-x86_64-mingw32/bin/../lib/gcc/nios2-elf/5.3.0/../../../../../H-x86_64-mingw32/nios2-elf/lib/mno-hw-mul\libc.a(lib_a-mprec.o)
                0x00000000080148fc                __mprec_bigtens
 .rodata.__mprec_tens
                0x0000000008014924       0xc8 c:/intelfpga_lite/17.1/nios2eds/bin/gnu/h-x86_64-mingw32/bin/../lib/gcc/nios2-elf/5.3.0/../../../../../H-x86_64-mingw32/nios2-elf/lib/mno-hw-mul\libc.a(lib_a-mprec.o)
                0x0000000008014924                __mprec_tens
 .rodata.str1.4
                0x00000000080149ec       0x2f c:/intelfpga_lite/17.1/nios2eds/bin/gnu/h-x86_64-mingw32/bin/../lib/gcc/nios2-elf/5.3.0/../../../../../H-x86_64-mingw32/nios2-elf/lib/mno-hw-mul\libc.a(lib_a-vfiprintf.o)
 .rodata.zeroes.4349
                0x00000000080149ec       0x10 c:/intelfpga_lite/17.1/nios2eds/bin/gnu/h-x86_64-mingw32/bin/../lib/gcc/nios2-elf/5.3.0/../../../../../H-x86_64-mingw32/nios2-elf/lib/mno-hw-mul\libc.a(lib_a-vfiprintf.o)
 .rodata.blanks.4348
                0x00000000080149fc       0x10 c:/intelfpga_lite/17.1/nios2eds/bin/gnu/h-x86_64-mingw32/bin/../lib/gcc/nios2-elf/5.3.0/../../../../../H-x86_64-mingw32/nios2-elf/lib/mno-hw-mul\libc.a(lib_a-vfiprintf.o)
 .rodata        0x0000000008014a0c        0xa ../GravSim_bsp/\libhal_bsp.a(alt_dev.o)
 *fill*         0x0000000008014a16        0x2 
 .rodata        0x0000000008014a18       0x11 ../GravSim_bsp/\libhal_bsp.a(alt_main.o)
 *fill*         0x0000000008014a29        0x3 
 .rodata        0x0000000008014a2c       0x11 ../GravSim_bsp/\libhal_bsp.a(alt_sys_init.o)
 *(.rodata1)
                0x0000000008014a40                . = ALIGN (0x4)
 *fill*         0x0000000008014a3d        0x3 
                0x0000000008014a40                PROVIDE (__ram_rodata_end, ABSOLUTE (.))
                0x0000000008014560                PROVIDE (__flash_rodata_start, LOADADDR (.rodata))

.rwdata         0x0000000008014a40     0x1af4 load address 0x0000000008016534
                0x0000000008014a40                PROVIDE (__ram_rwdata_start, ABSOLUTE (.))
                0x0000000008014a40                . = ALIGN (0x4)
 *(.got.plt)
 *(.got)
 *(.data1)
 *(.data .data.* .gnu.linkonce.d.*)
 .data          0x0000000008014a40        0x0 ../GravSim_bsp//obj/HAL/src/crt0.o
 .data          0x0000000008014a40        0x0 obj/default/main.o
 .data          0x0000000008014a40        0x0 obj/default/physics.o
 .data          0x0000000008014a40        0x0 c:/intelfpga_lite/17.1/nios2eds/bin/gnu/h-x86_64-mingw32/bin/../lib/gcc/nios2-elf/5.3.0/../../../../../H-x86_64-mingw32/nios2-elf/lib/mno-hw-mul\libm.a(lib_a-w_sqrt.o)
 .data          0x0000000008014a40        0x0 c:/intelfpga_lite/17.1/nios2eds/bin/gnu/h-x86_64-mingw32/bin/../lib/gcc/nios2-elf/5.3.0/../../../../../H-x86_64-mingw32/nios2-elf/lib/mno-hw-mul\libm.a(lib_a-e_sqrt.o)
 .data          0x0000000008014a40        0x0 c:/intelfpga_lite/17.1/nios2eds/bin/gnu/h-x86_64-mingw32/bin/../lib/gcc/nios2-elf/5.3.0/../../../../../H-x86_64-mingw32/nios2-elf/lib/mno-hw-mul\libm.a(lib_a-s_fpclassify.o)
 .data          0x0000000008014a40        0x0 c:/intelfpga_lite/17.1/nios2eds/bin/gnu/h-x86_64-mingw32/bin/../lib/gcc/nios2-elf/5.3.0/../../../../../H-x86_64-mingw32/nios2-elf/lib/mno-hw-mul\libm.a(lib_a-s_lib_ver.o)
 .data          0x0000000008014a40        0x0 c:/intelfpga_lite/17.1/nios2eds/bin/gnu/h-x86_64-mingw32/bin/../lib/gcc/nios2-elf/5.3.0/../../../../../H-x86_64-mingw32/nios2-elf/lib/mno-hw-mul\libm.a(lib_a-s_matherr.o)
 .data          0x0000000008014a40        0x0 c:/intelfpga_lite/17.1/nios2eds/bin/gnu/h-x86_64-mingw32/bin/../lib/gcc/nios2-elf/5.3.0/mno-hw-mul\libgcc.a(lib2-divmod.o)
 .data          0x0000000008014a40        0x0 c:/intelfpga_lite/17.1/nios2eds/bin/gnu/h-x86_64-mingw32/bin/../lib/gcc/nios2-elf/5.3.0/mno-hw-mul\libgcc.a(addsf3.o)
 .data          0x0000000008014a40        0x0 c:/intelfpga_lite/17.1/nios2eds/bin/gnu/h-x86_64-mingw32/bin/../lib/gcc/nios2-elf/5.3.0/mno-hw-mul\libgcc.a(divsf3.o)
 .data          0x0000000008014a40        0x0 c:/intelfpga_lite/17.1/nios2eds/bin/gnu/h-x86_64-mingw32/bin/../lib/gcc/nios2-elf/5.3.0/mno-hw-mul\libgcc.a(mulsf3.o)
 .data          0x0000000008014a40        0x0 c:/intelfpga_lite/17.1/nios2eds/bin/gnu/h-x86_64-mingw32/bin/../lib/gcc/nios2-elf/5.3.0/mno-hw-mul\libgcc.a(subsf3.o)
 .data          0x0000000008014a40        0x0 c:/intelfpga_lite/17.1/nios2eds/bin/gnu/h-x86_64-mingw32/bin/../lib/gcc/nios2-elf/5.3.0/mno-hw-mul\libgcc.a(fixsfsi.o)
 .data          0x0000000008014a40        0x0 c:/intelfpga_lite/17.1/nios2eds/bin/gnu/h-x86_64-mingw32/bin/../lib/gcc/nios2-elf/5.3.0/mno-hw-mul\libgcc.a(adddf3.o)
 .data          0x0000000008014a40        0x0 c:/intelfpga_lite/17.1/nios2eds/bin/gnu/h-x86_64-mingw32/bin/../lib/gcc/nios2-elf/5.3.0/mno-hw-mul\libgcc.a(divdf3.o)
 .data          0x0000000008014a40        0x0 c:/intelfpga_lite/17.1/nios2eds/bin/gnu/h-x86_64-mingw32/bin/../lib/gcc/nios2-elf/5.3.0/mno-hw-mul\libgcc.a(ledf2.o)
 .data          0x0000000008014a40        0x0 c:/intelfpga_lite/17.1/nios2eds/bin/gnu/h-x86_64-mingw32/bin/../lib/gcc/nios2-elf/5.3.0/mno-hw-mul\libgcc.a(muldf3.o)
 .data          0x0000000008014a40        0x0 c:/intelfpga_lite/17.1/nios2eds/bin/gnu/h-x86_64-mingw32/bin/../lib/gcc/nios2-elf/5.3.0/mno-hw-mul\libgcc.a(subdf3.o)
 .data          0x0000000008014a40        0x0 c:/intelfpga_lite/17.1/nios2eds/bin/gnu/h-x86_64-mingw32/bin/../lib/gcc/nios2-elf/5.3.0/mno-hw-mul\libgcc.a(floatsidf.o)
 .data          0x0000000008014a40        0x0 c:/intelfpga_lite/17.1/nios2eds/bin/gnu/h-x86_64-mingw32/bin/../lib/gcc/nios2-elf/5.3.0/mno-hw-mul\libgcc.a(floatunsidf.o)
 .data          0x0000000008014a40        0x0 c:/intelfpga_lite/17.1/nios2eds/bin/gnu/h-x86_64-mingw32/bin/../lib/gcc/nios2-elf/5.3.0/mno-hw-mul\libgcc.a(extendsfdf2.o)
 .data          0x0000000008014a40        0x0 c:/intelfpga_lite/17.1/nios2eds/bin/gnu/h-x86_64-mingw32/bin/../lib/gcc/nios2-elf/5.3.0/mno-hw-mul\libgcc.a(truncdfsf2.o)
 .data          0x0000000008014a40        0x0 c:/intelfpga_lite/17.1/nios2eds/bin/gnu/h-x86_64-mingw32/bin/../lib/gcc/nios2-elf/5.3.0/mno-hw-mul\libgcc.a(_clzsi2.o)
 .data          0x0000000008014a40        0x0 c:/intelfpga_lite/17.1/nios2eds/bin/gnu/h-x86_64-mingw32/bin/../lib/gcc/nios2-elf/5.3.0/mno-hw-mul\libgcc.a(lib2-mul.o)
 .data          0x0000000008014a40        0x0 c:/intelfpga_lite/17.1/nios2eds/bin/gnu/h-x86_64-mingw32/bin/../lib/gcc/nios2-elf/5.3.0/mno-hw-mul\libgcc.a(_clz.o)
 .data          0x0000000008014a40        0x0 c:/intelfpga_lite/17.1/nios2eds/bin/gnu/h-x86_64-mingw32/bin/../lib/gcc/nios2-elf/5.3.0/../../../../../H-x86_64-mingw32/nios2-elf/lib/mno-hw-mul\libc.a(lib_a-clock.o)
 .data          0x0000000008014a40        0x0 c:/intelfpga_lite/17.1/nios2eds/bin/gnu/h-x86_64-mingw32/bin/../lib/gcc/nios2-elf/5.3.0/../../../../../H-x86_64-mingw32/nios2-elf/lib/mno-hw-mul\libc.a(lib_a-errno.o)
 .data          0x0000000008014a40        0x0 c:/intelfpga_lite/17.1/nios2eds/bin/gnu/h-x86_64-mingw32/bin/../lib/gcc/nios2-elf/5.3.0/../../../../../H-x86_64-mingw32/nios2-elf/lib/mno-hw-mul\libc.a(lib_a-impure.o)
 .data.impure_data
                0x0000000008014a40      0x424 c:/intelfpga_lite/17.1/nios2eds/bin/gnu/h-x86_64-mingw32/bin/../lib/gcc/nios2-elf/5.3.0/../../../../../H-x86_64-mingw32/nios2-elf/lib/mno-hw-mul\libc.a(lib_a-impure.o)
 .data          0x0000000008014e64        0x0 c:/intelfpga_lite/17.1/nios2eds/bin/gnu/h-x86_64-mingw32/bin/../lib/gcc/nios2-elf/5.3.0/../../../../../H-x86_64-mingw32/nios2-elf/lib/mno-hw-mul\libc.a(lib_a-malloc.o)
 .data          0x0000000008014e64        0x0 c:/intelfpga_lite/17.1/nios2eds/bin/gnu/h-x86_64-mingw32/bin/../lib/gcc/nios2-elf/5.3.0/../../../../../H-x86_64-mingw32/nios2-elf/lib/mno-hw-mul\libc.a(lib_a-mallocr.o)
 .data.__malloc_av_
                0x0000000008014e64      0x408 c:/intelfpga_lite/17.1/nios2eds/bin/gnu/h-x86_64-mingw32/bin/../lib/gcc/nios2-elf/5.3.0/../../../../../H-x86_64-mingw32/nios2-elf/lib/mno-hw-mul\libc.a(lib_a-mallocr.o)
                0x0000000008014e64                __malloc_av_
 .data          0x000000000801526c        0x0 c:/intelfpga_lite/17.1/nios2eds/bin/gnu/h-x86_64-mingw32/bin/../lib/gcc/nios2-elf/5.3.0/../../../../../H-x86_64-mingw32/nios2-elf/lib/mno-hw-mul\libc.a(lib_a-printf.o)
 .data          0x000000000801526c        0x0 c:/intelfpga_lite/17.1/nios2eds/bin/gnu/h-x86_64-mingw32/bin/../lib/gcc/nios2-elf/5.3.0/../../../../../H-x86_64-mingw32/nios2-elf/lib/mno-hw-mul\libc.a(lib_a-puts.o)
 .data          0x000000000801526c        0x0 c:/intelfpga_lite/17.1/nios2eds/bin/gnu/h-x86_64-mingw32/bin/../lib/gcc/nios2-elf/5.3.0/../../../../../H-x86_64-mingw32/nios2-elf/lib/mno-hw-mul\libc.a(lib_a-rand.o)
 .data          0x000000000801526c        0x0 c:/intelfpga_lite/17.1/nios2eds/bin/gnu/h-x86_64-mingw32/bin/../lib/gcc/nios2-elf/5.3.0/../../../../../H-x86_64-mingw32/nios2-elf/lib/mno-hw-mul\libc.a(lib_a-sbrkr.o)
 .data          0x000000000801526c        0x0 c:/intelfpga_lite/17.1/nios2eds/bin/gnu/h-x86_64-mingw32/bin/../lib/gcc/nios2-elf/5.3.0/../../../../../H-x86_64-mingw32/nios2-elf/lib/mno-hw-mul\libc.a(lib_a-strlen.o)
 .data          0x000000000801526c        0x0 c:/intelfpga_lite/17.1/nios2eds/bin/gnu/h-x86_64-mingw32/bin/../lib/gcc/nios2-elf/5.3.0/../../../../../H-x86_64-mingw32/nios2-elf/lib/mno-hw-mul\libc.a(lib_a-time.o)
 .data          0x000000000801526c        0x0 c:/intelfpga_lite/17.1/nios2eds/bin/gnu/h-x86_64-mingw32/bin/../lib/gcc/nios2-elf/5.3.0/../../../../../H-x86_64-mingw32/nios2-elf/lib/mno-hw-mul\libc.a(lib_a-timesr.o)
 .data          0x000000000801526c        0x0 c:/intelfpga_lite/17.1/nios2eds/bin/gnu/h-x86_64-mingw32/bin/../lib/gcc/nios2-elf/5.3.0/../../../../../H-x86_64-mingw32/nios2-elf/lib/mno-hw-mul\libc.a(lib_a-vfprintf.o)
 .data          0x000000000801526c        0x0 c:/intelfpga_lite/17.1/nios2eds/bin/gnu/h-x86_64-mingw32/bin/../lib/gcc/nios2-elf/5.3.0/../../../../../H-x86_64-mingw32/nios2-elf/lib/mno-hw-mul\libc.a(lib_a-wsetup.o)
 .data          0x000000000801526c        0x0 c:/intelfpga_lite/17.1/nios2eds/bin/gnu/h-x86_64-mingw32/bin/../lib/gcc/nios2-elf/5.3.0/../../../../../H-x86_64-mingw32/nios2-elf/lib/mno-hw-mul\libc.a(lib_a-dtoa.o)
 .data          0x000000000801526c        0x0 c:/intelfpga_lite/17.1/nios2eds/bin/gnu/h-x86_64-mingw32/bin/../lib/gcc/nios2-elf/5.3.0/../../../../../H-x86_64-mingw32/nios2-elf/lib/mno-hw-mul\libc.a(lib_a-fflush.o)
 .data          0x000000000801526c        0x0 c:/intelfpga_lite/17.1/nios2eds/bin/gnu/h-x86_64-mingw32/bin/../lib/gcc/nios2-elf/5.3.0/../../../../../H-x86_64-mingw32/nios2-elf/lib/mno-hw-mul\libc.a(lib_a-findfp.o)
 .data          0x000000000801526c        0x0 c:/intelfpga_lite/17.1/nios2eds/bin/gnu/h-x86_64-mingw32/bin/../lib/gcc/nios2-elf/5.3.0/../../../../../H-x86_64-mingw32/nios2-elf/lib/mno-hw-mul\libc.a(lib_a-freer.o)
 .data          0x000000000801526c        0x0 c:/intelfpga_lite/17.1/nios2eds/bin/gnu/h-x86_64-mingw32/bin/../lib/gcc/nios2-elf/5.3.0/../../../../../H-x86_64-mingw32/nios2-elf/lib/mno-hw-mul\libc.a(lib_a-fvwrite.o)
 .data          0x000000000801526c        0x0 c:/intelfpga_lite/17.1/nios2eds/bin/gnu/h-x86_64-mingw32/bin/../lib/gcc/nios2-elf/5.3.0/../../../../../H-x86_64-mingw32/nios2-elf/lib/mno-hw-mul\libc.a(lib_a-fwalk.o)
 .data          0x000000000801526c        0x0 c:/intelfpga_lite/17.1/nios2eds/bin/gnu/h-x86_64-mingw32/bin/../lib/gcc/nios2-elf/5.3.0/../../../../../H-x86_64-mingw32/nios2-elf/lib/mno-hw-mul\libc.a(lib_a-gettimeofdayr.o)
 .data          0x000000000801526c        0x0 c:/intelfpga_lite/17.1/nios2eds/bin/gnu/h-x86_64-mingw32/bin/../lib/gcc/nios2-elf/5.3.0/../../../../../H-x86_64-mingw32/nios2-elf/lib/mno-hw-mul\libc.a(lib_a-int_errno.o)
 .data          0x000000000801526c        0x0 c:/intelfpga_lite/17.1/nios2eds/bin/gnu/h-x86_64-mingw32/bin/../lib/gcc/nios2-elf/5.3.0/../../../../../H-x86_64-mingw32/nios2-elf/lib/mno-hw-mul\libc.a(lib_a-locale.o)
 .data.lc_message_charset
                0x000000000801526c       0x20 c:/intelfpga_lite/17.1/nios2eds/bin/gnu/h-x86_64-mingw32/bin/../lib/gcc/nios2-elf/5.3.0/../../../../../H-x86_64-mingw32/nios2-elf/lib/mno-hw-mul\libc.a(lib_a-locale.o)
 .data.lc_ctype_charset
                0x000000000801528c       0x20 c:/intelfpga_lite/17.1/nios2eds/bin/gnu/h-x86_64-mingw32/bin/../lib/gcc/nios2-elf/5.3.0/../../../../../H-x86_64-mingw32/nios2-elf/lib/mno-hw-mul\libc.a(lib_a-locale.o)
 .data.lconv    0x00000000080152ac       0x38 c:/intelfpga_lite/17.1/nios2eds/bin/gnu/h-x86_64-mingw32/bin/../lib/gcc/nios2-elf/5.3.0/../../../../../H-x86_64-mingw32/nios2-elf/lib/mno-hw-mul\libc.a(lib_a-locale.o)
 .data          0x00000000080152e4        0x0 c:/intelfpga_lite/17.1/nios2eds/bin/gnu/h-x86_64-mingw32/bin/../lib/gcc/nios2-elf/5.3.0/../../../../../H-x86_64-mingw32/nios2-elf/lib/mno-hw-mul\libc.a(lib_a-makebuf.o)
 .data          0x00000000080152e4        0x0 c:/intelfpga_lite/17.1/nios2eds/bin/gnu/h-x86_64-mingw32/bin/../lib/gcc/nios2-elf/5.3.0/../../../../../H-x86_64-mingw32/nios2-elf/lib/mno-hw-mul\libc.a(lib_a-memchr.o)
 .data          0x00000000080152e4        0x0 c:/intelfpga_lite/17.1/nios2eds/bin/gnu/h-x86_64-mingw32/bin/../lib/gcc/nios2-elf/5.3.0/../../../../../H-x86_64-mingw32/nios2-elf/lib/mno-hw-mul\libc.a(lib_a-memcpy.o)
 .data          0x00000000080152e4        0x0 c:/intelfpga_lite/17.1/nios2eds/bin/gnu/h-x86_64-mingw32/bin/../lib/gcc/nios2-elf/5.3.0/../../../../../H-x86_64-mingw32/nios2-elf/lib/mno-hw-mul\libc.a(lib_a-memmove.o)
 .data          0x00000000080152e4        0x0 c:/intelfpga_lite/17.1/nios2eds/bin/gnu/h-x86_64-mingw32/bin/../lib/gcc/nios2-elf/5.3.0/../../../../../H-x86_64-mingw32/nios2-elf/lib/mno-hw-mul\libc.a(lib_a-memset.o)
 .data          0x00000000080152e4        0x0 c:/intelfpga_lite/17.1/nios2eds/bin/gnu/h-x86_64-mingw32/bin/../lib/gcc/nios2-elf/5.3.0/../../../../../H-x86_64-mingw32/nios2-elf/lib/mno-hw-mul\libc.a(lib_a-mprec.o)
 .data          0x00000000080152e4        0x0 c:/intelfpga_lite/17.1/nios2eds/bin/gnu/h-x86_64-mingw32/bin/../lib/gcc/nios2-elf/5.3.0/../../../../../H-x86_64-mingw32/nios2-elf/lib/mno-hw-mul\libc.a(lib_a-reallocr.o)
 .data          0x00000000080152e4        0x0 c:/intelfpga_lite/17.1/nios2eds/bin/gnu/h-x86_64-mingw32/bin/../lib/gcc/nios2-elf/5.3.0/../../../../../H-x86_64-mingw32/nios2-elf/lib/mno-hw-mul\libc.a(lib_a-stdio.o)
 .data          0x00000000080152e4        0x0 c:/intelfpga_lite/17.1/nios2eds/bin/gnu/h-x86_64-mingw32/bin/../lib/gcc/nios2-elf/5.3.0/../../../../../H-x86_64-mingw32/nios2-elf/lib/mno-hw-mul\libc.a(lib_a-strcmp.o)
 .data          0x00000000080152e4        0x0 c:/intelfpga_lite/17.1/nios2eds/bin/gnu/h-x86_64-mingw32/bin/../lib/gcc/nios2-elf/5.3.0/../../../../../H-x86_64-mingw32/nios2-elf/lib/mno-hw-mul\libc.a(lib_a-vfiprintf.o)
 .data          0x00000000080152e4        0x0 c:/intelfpga_lite/17.1/nios2eds/bin/gnu/h-x86_64-mingw32/bin/../lib/gcc/nios2-elf/5.3.0/../../../../../H-x86_64-mingw32/nios2-elf/lib/mno-hw-mul\libc.a(lib_a-writer.o)
 .data          0x00000000080152e4        0x0 c:/intelfpga_lite/17.1/nios2eds/bin/gnu/h-x86_64-mingw32/bin/../lib/gcc/nios2-elf/5.3.0/../../../../../H-x86_64-mingw32/nios2-elf/lib/mno-hw-mul\libc.a(closer.o)
 .data          0x00000000080152e4        0x0 c:/intelfpga_lite/17.1/nios2eds/bin/gnu/h-x86_64-mingw32/bin/../lib/gcc/nios2-elf/5.3.0/../../../../../H-x86_64-mingw32/nios2-elf/lib/mno-hw-mul\libc.a(lib_a-callocr.o)
 .data          0x00000000080152e4        0x0 c:/intelfpga_lite/17.1/nios2eds/bin/gnu/h-x86_64-mingw32/bin/../lib/gcc/nios2-elf/5.3.0/../../../../../H-x86_64-mingw32/nios2-elf/lib/mno-hw-mul\libc.a(lib_a-fclose.o)
 .data          0x00000000080152e4        0x0 c:/intelfpga_lite/17.1/nios2eds/bin/gnu/h-x86_64-mingw32/bin/../lib/gcc/nios2-elf/5.3.0/../../../../../H-x86_64-mingw32/nios2-elf/lib/mno-hw-mul\libc.a(lib_a-fputwc.o)
 .data          0x00000000080152e4        0x0 c:/intelfpga_lite/17.1/nios2eds/bin/gnu/h-x86_64-mingw32/bin/../lib/gcc/nios2-elf/5.3.0/../../../../../H-x86_64-mingw32/nios2-elf/lib/mno-hw-mul\libc.a(lib_a-fstatr.o)
 .data          0x00000000080152e4        0x0 c:/intelfpga_lite/17.1/nios2eds/bin/gnu/h-x86_64-mingw32/bin/../lib/gcc/nios2-elf/5.3.0/../../../../../H-x86_64-mingw32/nios2-elf/lib/mno-hw-mul\libc.a(lib_a-isattyr.o)
 .data          0x00000000080152e4        0x0 c:/intelfpga_lite/17.1/nios2eds/bin/gnu/h-x86_64-mingw32/bin/../lib/gcc/nios2-elf/5.3.0/../../../../../H-x86_64-mingw32/nios2-elf/lib/mno-hw-mul\libc.a(lib_a-lseekr.o)
 .data          0x00000000080152e4        0x0 c:/intelfpga_lite/17.1/nios2eds/bin/gnu/h-x86_64-mingw32/bin/../lib/gcc/nios2-elf/5.3.0/../../../../../H-x86_64-mingw32/nios2-elf/lib/mno-hw-mul\libc.a(lib_a-readr.o)
 .data          0x00000000080152e4        0x0 c:/intelfpga_lite/17.1/nios2eds/bin/gnu/h-x86_64-mingw32/bin/../lib/gcc/nios2-elf/5.3.0/../../../../../H-x86_64-mingw32/nios2-elf/lib/mno-hw-mul\libc.a(lib_a-wbuf.o)
 .data          0x00000000080152e4        0x0 c:/intelfpga_lite/17.1/nios2eds/bin/gnu/h-x86_64-mingw32/bin/../lib/gcc/nios2-elf/5.3.0/../../../../../H-x86_64-mingw32/nios2-elf/lib/mno-hw-mul\libc.a(lib_a-wcrtomb.o)
 .data          0x00000000080152e4        0x0 c:/intelfpga_lite/17.1/nios2eds/bin/gnu/h-x86_64-mingw32/bin/../lib/gcc/nios2-elf/5.3.0/../../../../../H-x86_64-mingw32/nios2-elf/lib/mno-hw-mul\libc.a(lib_a-wctomb_r.o)
 .data          0x00000000080152e4        0x0 c:/intelfpga_lite/17.1/nios2eds/bin/gnu/h-x86_64-mingw32/bin/../lib/gcc/nios2-elf/5.3.0/mno-hw-mul\libgcc.a(_muldi3.o)
 .data          0x00000000080152e4        0x0 c:/intelfpga_lite/17.1/nios2eds/bin/gnu/h-x86_64-mingw32/bin/../lib/gcc/nios2-elf/5.3.0/mno-hw-mul\libgcc.a(_udivdi3.o)
 .data          0x00000000080152e4        0x0 c:/intelfpga_lite/17.1/nios2eds/bin/gnu/h-x86_64-mingw32/bin/../lib/gcc/nios2-elf/5.3.0/mno-hw-mul\libgcc.a(_umoddi3.o)
 .data          0x00000000080152e4        0x0 c:/intelfpga_lite/17.1/nios2eds/bin/gnu/h-x86_64-mingw32/bin/../lib/gcc/nios2-elf/5.3.0/mno-hw-mul\libgcc.a(eqdf2.o)
 .data          0x00000000080152e4        0x0 c:/intelfpga_lite/17.1/nios2eds/bin/gnu/h-x86_64-mingw32/bin/../lib/gcc/nios2-elf/5.3.0/mno-hw-mul\libgcc.a(gedf2.o)
 .data          0x00000000080152e4        0x0 c:/intelfpga_lite/17.1/nios2eds/bin/gnu/h-x86_64-mingw32/bin/../lib/gcc/nios2-elf/5.3.0/mno-hw-mul\libgcc.a(fixdfsi.o)
 .data          0x00000000080152e4        0x0 ../GravSim_bsp/\libhal_bsp.a(alt_close.o)
 .data          0x00000000080152e4      0x1a8 ../GravSim_bsp/\libhal_bsp.a(alt_dev.o)
                0x00000000080152e4                alt_dev_null
                0x000000000801530c                alt_fd_list
 .data          0x000000000801548c        0x0 ../GravSim_bsp/\libhal_bsp.a(alt_errno.o)
 .data          0x000000000801548c        0x0 ../GravSim_bsp/\libhal_bsp.a(alt_fstat.o)
 .data          0x000000000801548c        0x0 ../GravSim_bsp/\libhal_bsp.a(alt_gettod.o)
 .data          0x000000000801548c        0x0 ../GravSim_bsp/\libhal_bsp.a(alt_isatty.o)
 .data          0x000000000801548c        0x0 ../GravSim_bsp/\libhal_bsp.a(alt_load.o)
 .data          0x000000000801548c        0x0 ../GravSim_bsp/\libhal_bsp.a(alt_lseek.o)
 .data          0x000000000801548c        0x0 ../GravSim_bsp/\libhal_bsp.a(alt_main.o)
 .data          0x000000000801548c        0x0 ../GravSim_bsp/\libhal_bsp.a(alt_malloc_lock.o)
 .data          0x000000000801548c        0x0 ../GravSim_bsp/\libhal_bsp.a(alt_read.o)
 .data          0x000000000801548c        0x0 ../GravSim_bsp/\libhal_bsp.a(alt_release_fd.o)
 .data          0x000000000801548c        0x0 ../GravSim_bsp/\libhal_bsp.a(alt_sbrk.o)
 .data          0x000000000801548c        0x0 ../GravSim_bsp/\libhal_bsp.a(alt_tick.o)
 .data          0x000000000801548c        0x0 ../GravSim_bsp/\libhal_bsp.a(alt_times.o)
 .data          0x000000000801548c        0x0 ../GravSim_bsp/\libhal_bsp.a(alt_write.o)
 .data          0x000000000801548c     0x1060 ../GravSim_bsp/\libhal_bsp.a(alt_sys_init.o)
 .data          0x00000000080164ec        0x0 ../GravSim_bsp/\libhal_bsp.a(altera_avalon_jtag_uart_fd.o)
 .data          0x00000000080164ec        0x0 ../GravSim_bsp/\libhal_bsp.a(altera_avalon_jtag_uart_init.o)
 .data          0x00000000080164ec        0x0 ../GravSim_bsp/\libhal_bsp.a(altera_avalon_jtag_uart_ioctl.o)
 .data          0x00000000080164ec        0x0 ../GravSim_bsp/\libhal_bsp.a(altera_avalon_jtag_uart_read.o)
 .data          0x00000000080164ec        0x0 ../GravSim_bsp/\libhal_bsp.a(altera_avalon_jtag_uart_write.o)
 .data          0x00000000080164ec        0x0 ../GravSim_bsp/\libhal_bsp.a(altera_avalon_timer_sc.o)
 .data          0x00000000080164ec        0x0 ../GravSim_bsp/\libhal_bsp.a(alt_alarm_start.o)
 .data          0x00000000080164ec        0x0 ../GravSim_bsp/\libhal_bsp.a(alt_dcache_flush_all.o)
 .data          0x00000000080164ec        0x0 ../GravSim_bsp/\libhal_bsp.a(alt_dev_llist_insert.o)
 .data          0x00000000080164ec        0x0 ../GravSim_bsp/\libhal_bsp.a(alt_do_ctors.o)
 .data          0x00000000080164ec        0x0 ../GravSim_bsp/\libhal_bsp.a(alt_do_dtors.o)
 .data          0x00000000080164ec        0x0 ../GravSim_bsp/\libhal_bsp.a(alt_icache_flush_all.o)
 .data          0x00000000080164ec        0x0 ../GravSim_bsp/\libhal_bsp.a(alt_iic.o)
 .data          0x00000000080164ec        0x0 ../GravSim_bsp/\libhal_bsp.a(alt_iic_isr_register.o)
 .data          0x00000000080164ec        0x0 ../GravSim_bsp/\libhal_bsp.a(alt_io_redirect.o)
 .data          0x00000000080164ec        0x0 ../GravSim_bsp/\libhal_bsp.a(alt_irq_entry.o)
 .data          0x00000000080164ec        0x0 ../GravSim_bsp/\libhal_bsp.a(alt_irq_handler.o)
 .data          0x00000000080164ec        0x0 ../GravSim_bsp/\libhal_bsp.a(alt_irq_vars.o)
 .data          0x00000000080164ec        0x0 ../GravSim_bsp/\libhal_bsp.a(alt_open.o)
 .data          0x00000000080164ec        0x0 ../GravSim_bsp/\libhal_bsp.a(altera_nios2_qsys_irq.o)
 .data          0x00000000080164ec        0x0 ../GravSim_bsp/\libhal_bsp.a(alt_exception_entry.o)
 .data          0x00000000080164ec        0x0 ../GravSim_bsp/\libhal_bsp.a(alt_find_dev.o)
 .data          0x00000000080164ec        0x0 ../GravSim_bsp/\libhal_bsp.a(alt_find_file.o)
 .data          0x00000000080164ec        0x0 ../GravSim_bsp/\libhal_bsp.a(alt_get_fd.o)
 .data          0x00000000080164ec        0x0 c:/intelfpga_lite/17.1/nios2eds/bin/gnu/h-x86_64-mingw32/bin/../lib/gcc/nios2-elf/5.3.0/../../../../../H-x86_64-mingw32/nios2-elf/lib/mno-hw-mul\libc.a(lib_a-atexit.o)
 .data          0x00000000080164ec        0x0 c:/intelfpga_lite/17.1/nios2eds/bin/gnu/h-x86_64-mingw32/bin/../lib/gcc/nios2-elf/5.3.0/../../../../../H-x86_64-mingw32/nios2-elf/lib/mno-hw-mul\libc.a(lib_a-exit.o)
 .data          0x00000000080164ec        0x0 c:/intelfpga_lite/17.1/nios2eds/bin/gnu/h-x86_64-mingw32/bin/../lib/gcc/nios2-elf/5.3.0/../../../../../H-x86_64-mingw32/nios2-elf/lib/mno-hw-mul\libc.a(lib_a-memcmp.o)
 .data          0x00000000080164ec        0x0 c:/intelfpga_lite/17.1/nios2eds/bin/gnu/h-x86_64-mingw32/bin/../lib/gcc/nios2-elf/5.3.0/../../../../../H-x86_64-mingw32/nios2-elf/lib/mno-hw-mul\libc.a(lib_a-__atexit.o)
 .data          0x00000000080164ec        0x0 c:/intelfpga_lite/17.1/nios2eds/bin/gnu/h-x86_64-mingw32/bin/../lib/gcc/nios2-elf/5.3.0/../../../../../H-x86_64-mingw32/nios2-elf/lib/mno-hw-mul\libc.a(lib_a-__call_atexit.o)
 .data          0x00000000080164ec        0x0 ../GravSim_bsp/\libhal_bsp.a(alt_exit.o)
                0x000000000801e4ec                _gp = ABSOLUTE ((. + 0x8000))
                [!provide]                        PROVIDE (gp, _gp)
 *(.rwdata .rwdata.*)
 *(.sdata .sdata.* .gnu.linkonce.s.*)
 .sdata         0x00000000080164ec        0x4 obj/default/main.o
                0x00000000080164ec                MEM_PTR
 .sdata.__fdlib_version
                0x00000000080164f0        0x4 c:/intelfpga_lite/17.1/nios2eds/bin/gnu/h-x86_64-mingw32/bin/../lib/gcc/nios2-elf/5.3.0/../../../../../H-x86_64-mingw32/nios2-elf/lib/mno-hw-mul\libm.a(lib_a-s_lib_ver.o)
                0x00000000080164f0                __fdlib_version
 .sdata._global_impure_ptr
                0x00000000080164f4        0x4 c:/intelfpga_lite/17.1/nios2eds/bin/gnu/h-x86_64-mingw32/bin/../lib/gcc/nios2-elf/5.3.0/../../../../../H-x86_64-mingw32/nios2-elf/lib/mno-hw-mul\libc.a(lib_a-impure.o)
                0x00000000080164f4                _global_impure_ptr
 .sdata._impure_ptr
                0x00000000080164f8        0x4 c:/intelfpga_lite/17.1/nios2eds/bin/gnu/h-x86_64-mingw32/bin/../lib/gcc/nios2-elf/5.3.0/../../../../../H-x86_64-mingw32/nios2-elf/lib/mno-hw-mul\libc.a(lib_a-impure.o)
                0x00000000080164f8                _impure_ptr
 .sdata.__malloc_sbrk_base
                0x00000000080164fc        0x4 c:/intelfpga_lite/17.1/nios2eds/bin/gnu/h-x86_64-mingw32/bin/../lib/gcc/nios2-elf/5.3.0/../../../../../H-x86_64-mingw32/nios2-elf/lib/mno-hw-mul\libc.a(lib_a-mallocr.o)
                0x00000000080164fc                __malloc_sbrk_base
 .sdata.__malloc_trim_threshold
                0x0000000008016500        0x4 c:/intelfpga_lite/17.1/nios2eds/bin/gnu/h-x86_64-mingw32/bin/../lib/gcc/nios2-elf/5.3.0/../../../../../H-x86_64-mingw32/nios2-elf/lib/mno-hw-mul\libc.a(lib_a-mallocr.o)
                0x0000000008016500                __malloc_trim_threshold
 .sdata.__mb_cur_max
                0x0000000008016504        0x4 c:/intelfpga_lite/17.1/nios2eds/bin/gnu/h-x86_64-mingw32/bin/../lib/gcc/nios2-elf/5.3.0/../../../../../H-x86_64-mingw32/nios2-elf/lib/mno-hw-mul\libc.a(lib_a-locale.o)
                0x0000000008016504                __mb_cur_max
 .sdata.__wctomb
                0x0000000008016508        0x4 c:/intelfpga_lite/17.1/nios2eds/bin/gnu/h-x86_64-mingw32/bin/../lib/gcc/nios2-elf/5.3.0/../../../../../H-x86_64-mingw32/nios2-elf/lib/mno-hw-mul\libc.a(lib_a-wctomb_r.o)
                0x0000000008016508                __wctomb